Jul 23 15:26:22 nixos kernel: Linux version 6.15.0 (nixbld@localhost) (gcc (GCC) 14.2.1 20250322, GNU ld (GNU Binutils) 2.44) #1-NixOS SMP PREEMPT_DYNAMIC Sun May 25 23:09:23 UTC 2025
Jul 23 15:26:22 nixos kernel: Command line: initrd=\EFI\nixos\jbpynkwr792d12vjhy343mskq7jyi890-initrd-linux-6.15-initrd.efi init=/nix/store/49apskm5301dsvvanry66v68zqihqkq6-nixos-system-nixos-25.05.802746.7282cb574e06/init loglevel=4 lsm=landlock,yama,bpf
Jul 23 15:26:22 nixos kernel: x86/split lock detection: #DB: warning on user-space bus_locks
Jul 23 15:26:22 nixos kernel: BIOS-provided physical RAM map:
Jul 23 15:26:22 nixos kernel: BIOS-e820: [mem 0x0000000000000000-0x000000000002ffff] usable
Jul 23 15:26:22 nixos kernel: BIOS-e820: [mem 0x0000000000030000-0x000000000004ffff] reserved
Jul 23 15:26:22 nixos kernel: BIOS-e820: [mem 0x0000000000050000-0x000000000009efff] usable
Jul 23 15:26:22 nixos kernel: BIOS-e820: [mem 0x000000000009f000-0x000000000009ffff] reserved
Jul 23 15:26:22 nixos kernel: BIOS-e820: [mem 0x0000000000100000-0x000000007e8ecfff] usable
Jul 23 15:26:22 nixos kernel: BIOS-e820: [mem 0x000000007e8ed000-0x000000007eb6cfff] reserved
Jul 23 15:26:22 nixos kernel: BIOS-e820: [mem 0x000000007eb6d000-0x000000007eb7efff] ACPI data
Jul 23 15:26:22 nixos kernel: BIOS-e820: [mem 0x000000007eb7f000-0x000000007ebfefff] ACPI NVS
Jul 23 15:26:22 nixos kernel: BIOS-e820: [mem 0x000000007ebff000-0x000000007ef78fff] usable
Jul 23 15:26:22 nixos kernel: BIOS-e820: [mem 0x000000007ef79000-0x000000007ef7cfff] reserved
Jul 23 15:26:22 nixos kernel: BIOS-e820: [mem 0x000000007ef7d000-0x000000007ef7efff] ACPI NVS
Jul 23 15:26:22 nixos kernel: BIOS-e820: [mem 0x000000007ef7f000-0x000000007effffff] usable
Jul 23 15:26:22 nixos kernel: BIOS-e820: [mem 0x000000007f000000-0x000000007fffffff] reserved
Jul 23 15:26:22 nixos kernel: BIOS-e820: [mem 0x00000000e0000000-0x00000000efffffff] reserved
Jul 23 15:26:22 nixos kernel: BIOS-e820: [mem 0x00000000feffc000-0x00000000feffffff] reserved
Jul 23 15:26:22 nixos kernel: BIOS-e820: [mem 0x0000000100000000-0x0000000561ffffff] usable
Jul 23 15:26:22 nixos kernel: NX (Execute Disable) protection: active
Jul 23 15:26:22 nixos kernel: APIC: Static calls initialized
Jul 23 15:26:22 nixos kernel: efi: EFI v2.7 by EDK II
Jul 23 15:26:22 nixos kernel: efi: SMBIOS=0x7e9d5000 ACPI=0x7eb7e000 ACPI 2.0=0x7eb7e014 MEMATTR=0x7d3f4018 RNG=0x7eb74f18 INITRD=0x7d3ece18 
Jul 23 15:26:22 nixos kernel: random: crng init done
Jul 23 15:26:22 nixos kernel: SMBIOS 2.8 present.
Jul 23 15:26:22 nixos kernel: DMI: QEMU Standard PC (Q35 + ICH9, 2009), BIOS edk2-stable202408-prebuilt.qemu.org 08/13/2024
Jul 23 15:26:22 nixos kernel: DMI: Memory slots populated: 1/1
Jul 23 15:26:22 nixos kernel: Hypervisor detected: KVM
Jul 23 15:26:22 nixos kernel: kvm-clock: Using msrs 4b564d01 and 4b564d00
Jul 23 15:26:22 nixos kernel: kvm-clock: using sched offset of 6372132016 cycles
Jul 23 15:26:22 nixos kernel: clocksource: kvm-clock: mask: 0xffffffffffffffff max_cycles: 0x1cd42e4dffb, max_idle_ns: 881590591483 ns
Jul 23 15:26:22 nixos kernel: tsc: Detected 2688.000 MHz processor
Jul 23 15:26:22 nixos kernel: e820: update [mem 0x00000000-0x00000fff] usable ==> reserved
Jul 23 15:26:22 nixos kernel: e820: remove [mem 0x000a0000-0x000fffff] usable
Jul 23 15:26:22 nixos kernel: last_pfn = 0x562000 max_arch_pfn = 0x400000000
Jul 23 15:26:22 nixos kernel: MTRR map: 4 entries (2 fixed + 2 variable; max 18), built from 8 variable MTRRs
Jul 23 15:26:22 nixos kernel: x86/PAT: Configuration [0-7]: WB  WC  UC- UC  WB  WP  UC- WT  
Jul 23 15:26:22 nixos kernel: last_pfn = 0x7f000 max_arch_pfn = 0x400000000
Jul 23 15:26:22 nixos kernel: Using GB pages for direct mapping
Jul 23 15:26:22 nixos kernel: Secure boot disabled
Jul 23 15:26:22 nixos kernel: RAMDISK: [mem 0x7b69f000-0x7c2ccfff]
Jul 23 15:26:22 nixos kernel: ACPI: Early table checksum verification disabled
Jul 23 15:26:22 nixos kernel: ACPI: RSDP 0x000000007EB7E014 000024 (v02 BOCHS )
Jul 23 15:26:22 nixos kernel: ACPI: XSDT 0x000000007EB7D0E8 00004C (v01 BOCHS  BXPC     00000001      01000013)
Jul 23 15:26:22 nixos kernel: ACPI: FACP 0x000000007EB79000 0000F4 (v03 BOCHS  BXPC     00000001 BXPC 00000001)
Jul 23 15:26:22 nixos kernel: ACPI: DSDT 0x000000007EB7A000 002CF0 (v01 BOCHS  BXPC     00000001 BXPC 00000001)
Jul 23 15:26:22 nixos kernel: ACPI: FACS 0x000000007EBDD000 000040
Jul 23 15:26:22 nixos kernel: ACPI: APIC 0x000000007EB78000 0000B0 (v03 BOCHS  BXPC     00000001 BXPC 00000001)
Jul 23 15:26:22 nixos kernel: ACPI: MCFG 0x000000007EB77000 00003C (v01 BOCHS  BXPC     00000001 BXPC 00000001)
Jul 23 15:26:22 nixos kernel: ACPI: WAET 0x000000007EB76000 000028 (v01 BOCHS  BXPC     00000001 BXPC 00000001)
Jul 23 15:26:22 nixos kernel: ACPI: BGRT 0x000000007EB75000 000038 (v01 INTEL  EDK2     00000002      01000013)
Jul 23 15:26:22 nixos kernel: ACPI: Reserving FACP table memory at [mem 0x7eb79000-0x7eb790f3]
Jul 23 15:26:22 nixos kernel: ACPI: Reserving DSDT table memory at [mem 0x7eb7a000-0x7eb7ccef]
Jul 23 15:26:22 nixos kernel: ACPI: Reserving FACS table memory at [mem 0x7ebdd000-0x7ebdd03f]
Jul 23 15:26:22 nixos kernel: ACPI: Reserving APIC table memory at [mem 0x7eb78000-0x7eb780af]
Jul 23 15:26:22 nixos kernel: ACPI: Reserving MCFG table memory at [mem 0x7eb77000-0x7eb7703b]
Jul 23 15:26:22 nixos kernel: ACPI: Reserving WAET table memory at [mem 0x7eb76000-0x7eb76027]
Jul 23 15:26:22 nixos kernel: ACPI: Reserving BGRT table memory at [mem 0x7eb75000-0x7eb75037]
Jul 23 15:26:22 nixos kernel: No NUMA configuration found
Jul 23 15:26:22 nixos kernel: Faking a node at [mem 0x0000000000000000-0x0000000561ffffff]
Jul 23 15:26:22 nixos kernel: NODE_DATA(0) allocated [mem 0x561ffa740-0x561fffcbf]
Jul 23 15:26:22 nixos kernel: Zone ranges:
Jul 23 15:26:22 nixos kernel:   DMA      [mem 0x0000000000001000-0x0000000000ffffff]
Jul 23 15:26:22 nixos kernel:   DMA32    [mem 0x0000000001000000-0x00000000ffffffff]
Jul 23 15:26:22 nixos kernel:   Normal   [mem 0x0000000100000000-0x0000000561ffffff]
Jul 23 15:26:22 nixos kernel:   Device   empty
Jul 23 15:26:22 nixos kernel: Movable zone start for each node
Jul 23 15:26:22 nixos kernel: Early memory node ranges
Jul 23 15:26:22 nixos kernel:   node   0: [mem 0x0000000000001000-0x000000000002ffff]
Jul 23 15:26:22 nixos kernel:   node   0: [mem 0x0000000000050000-0x000000000009efff]
Jul 23 15:26:22 nixos kernel:   node   0: [mem 0x0000000000100000-0x000000007e8ecfff]
Jul 23 15:26:22 nixos kernel:   node   0: [mem 0x000000007ebff000-0x000000007ef78fff]
Jul 23 15:26:22 nixos kernel:   node   0: [mem 0x000000007ef7f000-0x000000007effffff]
Jul 23 15:26:22 nixos kernel:   node   0: [mem 0x0000000100000000-0x0000000561ffffff]
Jul 23 15:26:22 nixos kernel: Initmem setup node 0 [mem 0x0000000000001000-0x0000000561ffffff]
Jul 23 15:26:22 nixos kernel: On node 0, zone DMA: 1 pages in unavailable ranges
Jul 23 15:26:22 nixos kernel: On node 0, zone DMA: 32 pages in unavailable ranges
Jul 23 15:26:22 nixos kernel: On node 0, zone DMA: 97 pages in unavailable ranges
Jul 23 15:26:22 nixos kernel: On node 0, zone DMA32: 786 pages in unavailable ranges
Jul 23 15:26:22 nixos kernel: On node 0, zone DMA32: 6 pages in unavailable ranges
Jul 23 15:26:22 nixos kernel: On node 0, zone Normal: 4096 pages in unavailable ranges
Jul 23 15:26:22 nixos kernel: On node 0, zone Normal: 24576 pages in unavailable ranges
Jul 23 15:26:22 nixos kernel: ACPI: PM-Timer IO Port: 0x608
Jul 23 15:26:22 nixos kernel: ACPI: LAPIC_NMI (acpi_id[0xff] dfl dfl lint[0x1])
Jul 23 15:26:22 nixos kernel: IOAPIC[0]: apic_id 0, version 17, address 0xfec00000, GSI 0-23
Jul 23 15:26:22 nixos kernel: ACPI: INT_SRC_OVR (bus 0 bus_irq 0 global_irq 2 dfl dfl)
Jul 23 15:26:22 nixos kernel: ACPI: INT_SRC_OVR (bus 0 bus_irq 5 global_irq 5 high level)
Jul 23 15:26:22 nixos kernel: ACPI: INT_SRC_OVR (bus 0 bus_irq 9 global_irq 9 high level)
Jul 23 15:26:22 nixos kernel: ACPI: INT_SRC_OVR (bus 0 bus_irq 10 global_irq 10 high level)
Jul 23 15:26:22 nixos kernel: ACPI: INT_SRC_OVR (bus 0 bus_irq 11 global_irq 11 high level)
Jul 23 15:26:22 nixos kernel: ACPI: Using ACPI (MADT) for SMP configuration information
Jul 23 15:26:22 nixos kernel: e820: update [mem 0x7cf15000-0x7cf1dfff] usable ==> reserved
Jul 23 15:26:22 nixos kernel: TSC deadline timer available
Jul 23 15:26:22 nixos kernel: CPU topo: Max. logical packages:   8
Jul 23 15:26:22 nixos kernel: CPU topo: Max. logical dies:       8
Jul 23 15:26:22 nixos kernel: CPU topo: Max. dies per package:   1
Jul 23 15:26:22 nixos kernel: CPU topo: Max. threads per core:   1
Jul 23 15:26:22 nixos kernel: CPU topo: Num. cores per package:     1
Jul 23 15:26:22 nixos kernel: CPU topo: Num. threads per package:   1
Jul 23 15:26:22 nixos kernel: CPU topo: Allowing 8 present CPUs plus 0 hotplug CPUs
Jul 23 15:26:22 nixos kernel: kvm-guest: APIC: eoi() replaced with kvm_guest_apic_eoi_write()
Jul 23 15:26:22 nixos kernel: kvm-guest: KVM setup pv remote TLB flush
Jul 23 15:26:22 nixos kernel: kvm-guest: setup PV sched yield
Jul 23 15:26:22 nixos kernel: PM: hibernation: Registered nosave memory: [mem 0x00000000-0x00000fff]
Jul 23 15:26:22 nixos kernel: PM: hibernation: Registered nosave memory: [mem 0x00030000-0x0004ffff]
Jul 23 15:26:22 nixos kernel: PM: hibernation: Registered nosave memory: [mem 0x0009f000-0x000fffff]
Jul 23 15:26:22 nixos kernel: PM: hibernation: Registered nosave memory: [mem 0x7cf15000-0x7cf1dfff]
Jul 23 15:26:22 nixos kernel: PM: hibernation: Registered nosave memory: [mem 0x7e8ed000-0x7ebfefff]
Jul 23 15:26:22 nixos kernel: PM: hibernation: Registered nosave memory: [mem 0x7ef79000-0x7ef7efff]
Jul 23 15:26:22 nixos kernel: PM: hibernation: Registered nosave memory: [mem 0x7f000000-0xffffffff]
Jul 23 15:26:22 nixos kernel: [mem 0x80000000-0xdfffffff] available for PCI devices
Jul 23 15:26:22 nixos kernel: Booting paravirtualized kernel on KVM
Jul 23 15:26:22 nixos kernel: clocksource: refined-jiffies: mask: 0xffffffff max_cycles: 0xffffffff, max_idle_ns: 1910969940391419 ns
Jul 23 15:26:22 nixos kernel: setup_percpu: NR_CPUS:384 nr_cpumask_bits:8 nr_cpu_ids:8 nr_node_ids:1
Jul 23 15:26:22 nixos kernel: percpu: Embedded 96 pages/cpu s270336 r8192 d114688 u524288
Jul 23 15:26:22 nixos kernel: pcpu-alloc: s270336 r8192 d114688 u524288 alloc=1*2097152
Jul 23 15:26:22 nixos kernel: pcpu-alloc: [0] 0 1 2 3 [0] 4 5 6 7 
Jul 23 15:26:22 nixos kernel: kvm-guest: PV spinlocks enabled
Jul 23 15:26:22 nixos kernel: PV qspinlock hash table entries: 256 (order: 0, 4096 bytes, linear)
Jul 23 15:26:22 nixos kernel: Kernel command line: initrd=\EFI\nixos\jbpynkwr792d12vjhy343mskq7jyi890-initrd-linux-6.15-initrd.efi init=/nix/store/49apskm5301dsvvanry66v68zqihqkq6-nixos-system-nixos-25.05.802746.7282cb574e06/init loglevel=4 lsm=landlock,yama,bpf
Jul 23 15:26:22 nixos kernel: printk: log buffer data + meta data: 262144 + 917504 = 1179648 bytes
Jul 23 15:26:22 nixos kernel: Dentry cache hash table entries: 4194304 (order: 13, 33554432 bytes, linear)
Jul 23 15:26:22 nixos kernel: Inode-cache hash table entries: 2097152 (order: 12, 16777216 bytes, linear)
Jul 23 15:26:22 nixos kernel: software IO TLB: area num 8.
Jul 23 15:26:22 nixos kernel: Fallback order for Node 0: 0 
Jul 23 15:26:22 nixos kernel: Built 1 zonelists, mobility grouping on.  Total pages: 5114982
Jul 23 15:26:22 nixos kernel: Policy zone: Normal
Jul 23 15:26:22 nixos kernel: mem auto-init: stack:all(zero), heap alloc:on, heap free:off
Jul 23 15:26:22 nixos kernel: SLUB: HWalign=64, Order=0-3, MinObjects=0, CPUs=8, Nodes=1
Jul 23 15:26:22 nixos kernel: allocated 41156608 bytes of page_ext
Jul 23 15:26:22 nixos kernel: ftrace: allocating 46407 entries in 184 pages
Jul 23 15:26:22 nixos kernel: ftrace: allocated 184 pages with 4 groups
Jul 23 15:26:22 nixos kernel: Dynamic Preempt: voluntary
Jul 23 15:26:22 nixos kernel: rcu: Preemptible hierarchical RCU implementation.
Jul 23 15:26:22 nixos kernel: rcu:         RCU event tracing is enabled.
Jul 23 15:26:22 nixos kernel: rcu:         RCU restricting CPUs from NR_CPUS=384 to nr_cpu_ids=8.
Jul 23 15:26:22 nixos kernel:         Trampoline variant of Tasks RCU enabled.
Jul 23 15:26:22 nixos kernel:         Rude variant of Tasks RCU enabled.
Jul 23 15:26:22 nixos kernel:         Tracing variant of Tasks RCU enabled.
Jul 23 15:26:22 nixos kernel: rcu: RCU calculated value of scheduler-enlistment delay is 100 jiffies.
Jul 23 15:26:22 nixos kernel: rcu: Adjusting geometry for rcu_fanout_leaf=16, nr_cpu_ids=8
Jul 23 15:26:22 nixos kernel: RCU Tasks: Setting shift to 3 and lim to 1 rcu_task_cb_adjust=1 rcu_task_cpu_ids=8.
Jul 23 15:26:22 nixos kernel: RCU Tasks Rude: Setting shift to 3 and lim to 1 rcu_task_cb_adjust=1 rcu_task_cpu_ids=8.
Jul 23 15:26:22 nixos kernel: RCU Tasks Trace: Setting shift to 3 and lim to 1 rcu_task_cb_adjust=1 rcu_task_cpu_ids=8.
Jul 23 15:26:22 nixos kernel: NR_IRQS: 24832, nr_irqs: 488, preallocated irqs: 16
Jul 23 15:26:22 nixos kernel: rcu: srcu_init: Setting srcu_struct sizes based on contention.
Jul 23 15:26:22 nixos kernel: kfence: initialized - using 2097152 bytes for 255 objects at 0x(____ptrval____)-0x(____ptrval____)
Jul 23 15:26:22 nixos kernel: Console: colour dummy device 80x25
Jul 23 15:26:22 nixos kernel: printk: legacy console [tty0] enabled
Jul 23 15:26:22 nixos kernel: ACPI: Core revision 20240827
Jul 23 15:26:22 nixos kernel: APIC: Switch to symmetric I/O mode setup
Jul 23 15:26:22 nixos kernel: x2apic enabled
Jul 23 15:26:22 nixos kernel: APIC: Switched APIC routing to: physical x2apic
Jul 23 15:26:22 nixos kernel: kvm-guest: APIC: send_IPI_mask() replaced with kvm_send_ipi_mask()
Jul 23 15:26:22 nixos kernel: kvm-guest: APIC: send_IPI_mask_allbutself() replaced with kvm_send_ipi_mask_allbutself()
Jul 23 15:26:22 nixos kernel: kvm-guest: setup PV IPIs
Jul 23 15:26:22 nixos kernel: clocksource: tsc-early: mask: 0xffffffffffffffff max_cycles: 0x26bef67878b, max_idle_ns: 440795293631 ns
Jul 23 15:26:22 nixos kernel: Calibrating delay loop (skipped) preset value.. 5376.00 BogoMIPS (lpj=2688000)
Jul 23 15:26:22 nixos kernel: x86/cpu: User Mode Instruction Prevention (UMIP) activated
Jul 23 15:26:22 nixos kernel: Last level iTLB entries: 4KB 0, 2MB 0, 4MB 0
Jul 23 15:26:22 nixos kernel: Last level dTLB entries: 4KB 0, 2MB 0, 4MB 0, 1GB 0
Jul 23 15:26:22 nixos kernel: Spectre V1 : Mitigation: usercopy/swapgs barriers and __user pointer sanitization
Jul 23 15:26:22 nixos kernel: Spectre V2 : Mitigation: Enhanced / Automatic IBRS
Jul 23 15:26:22 nixos kernel: Spectre V2 : mitigation: Enabling conditional Indirect Branch Prediction Barrier
Jul 23 15:26:22 nixos kernel: Speculative Store Bypass: Mitigation: Speculative Store Bypass disabled via prctl
Jul 23 15:26:22 nixos kernel: x86/fpu: Supporting XSAVE feature 0x001: 'x87 floating point registers'
Jul 23 15:26:22 nixos kernel: x86/fpu: Supporting XSAVE feature 0x002: 'SSE registers'
Jul 23 15:26:22 nixos kernel: x86/fpu: Supporting XSAVE feature 0x004: 'AVX registers'
Jul 23 15:26:22 nixos kernel: x86/fpu: Supporting XSAVE feature 0x200: 'Protection Keys User registers'
Jul 23 15:26:22 nixos kernel: x86/fpu: xstate_offset[2]:  576, xstate_sizes[2]:  256
Jul 23 15:26:22 nixos kernel: x86/fpu: xstate_offset[9]:  832, xstate_sizes[9]:    8
Jul 23 15:26:22 nixos kernel: x86/fpu: Enabled xstate features 0x207, context size is 840 bytes, using 'compacted' format.
Jul 23 15:26:22 nixos kernel: Freeing SMP alternatives memory: 44K
Jul 23 15:26:22 nixos kernel: pid_max: default: 32768 minimum: 301
Jul 23 15:26:22 nixos kernel: LSM: initializing lsm=capability,landlock,yama,bpf
Jul 23 15:26:22 nixos kernel: landlock: Up and running.
Jul 23 15:26:22 nixos kernel: Yama: becoming mindful.
Jul 23 15:26:22 nixos kernel: LSM support for eBPF active
Jul 23 15:26:22 nixos kernel: Mount-cache hash table entries: 65536 (order: 7, 524288 bytes, linear)
Jul 23 15:26:22 nixos kernel: Mountpoint-cache hash table entries: 65536 (order: 7, 524288 bytes, linear)
Jul 23 15:26:22 nixos kernel: smpboot: CPU0: Intel(R) Core(TM) Ultra 7 155U (family: 0x6, model: 0xaa, stepping: 0x4)
Jul 23 15:26:22 nixos kernel: Performance Events: unsupported CPU family 6 model 170 no PMU driver, software events only.
Jul 23 15:26:22 nixos kernel: signal: max sigframe size: 3632
Jul 23 15:26:22 nixos kernel: rcu: Hierarchical SRCU implementation.
Jul 23 15:26:22 nixos kernel: rcu:         Max phase no-delay instances is 400.
Jul 23 15:26:22 nixos kernel: Timer migration: 1 hierarchy levels; 8 children per group; 1 crossnode level
Jul 23 15:26:22 nixos kernel: NMI watchdog: Perf NMI watchdog permanently disabled
Jul 23 15:26:22 nixos kernel: smp: Bringing up secondary CPUs ...
Jul 23 15:26:22 nixos kernel: smpboot: x86: Booting SMP configuration:
Jul 23 15:26:22 nixos kernel: .... node  #0, CPUs:      #1 #2 #3 #4 #5 #6 #7
Jul 23 15:26:22 nixos kernel: smp: Brought up 1 node, 8 CPUs
Jul 23 15:26:22 nixos kernel: smpboot: Total of 8 processors activated (43008.00 BogoMIPS)
Jul 23 15:26:22 nixos kernel: Memory: 19906580K/20459928K available (16665K kernel code, 2665K rwdata, 13376K rodata, 3508K init, 3152K bss, 502924K reserved, 0K cma-reserved)
Jul 23 15:26:22 nixos kernel: devtmpfs: initialized
Jul 23 15:26:22 nixos kernel: x86/mm: Memory block size: 128MB
Jul 23 15:26:22 nixos kernel: ACPI: PM: Registering ACPI NVS region [mem 0x7eb7f000-0x7ebfefff] (524288 bytes)
Jul 23 15:26:22 nixos kernel: ACPI: PM: Registering ACPI NVS region [mem 0x7ef7d000-0x7ef7efff] (8192 bytes)
Jul 23 15:26:22 nixos kernel: clocksource: jiffies: mask: 0xffffffff max_cycles: 0xffffffff, max_idle_ns: 1911260446275000 ns
Jul 23 15:26:22 nixos kernel: posixtimers hash table entries: 4096 (order: 4, 65536 bytes, linear)
Jul 23 15:26:22 nixos kernel: futex hash table entries: 2048 (order: 5, 131072 bytes, linear)
Jul 23 15:26:22 nixos kernel: pinctrl core: initialized pinctrl subsystem
Jul 23 15:26:22 nixos kernel: PM: RTC time: 22:26:19, date: 2025-07-23
Jul 23 15:26:22 nixos kernel: NET: Registered PF_NETLINK/PF_ROUTE protocol family
Jul 23 15:26:22 nixos kernel: DMA: preallocated 4096 KiB GFP_KERNEL pool for atomic allocations
Jul 23 15:26:22 nixos kernel: DMA: preallocated 4096 KiB GFP_KERNEL|GFP_DMA pool for atomic allocations
Jul 23 15:26:22 nixos kernel: DMA: preallocated 4096 KiB GFP_KERNEL|GFP_DMA32 pool for atomic allocations
Jul 23 15:26:22 nixos kernel: audit: initializing netlink subsys (disabled)
Jul 23 15:26:22 nixos kernel: audit: type=2000 audit(1753309579.882:1): state=initialized audit_enabled=0 res=1
Jul 23 15:26:22 nixos kernel: thermal_sys: Registered thermal governor 'bang_bang'
Jul 23 15:26:22 nixos kernel: thermal_sys: Registered thermal governor 'step_wise'
Jul 23 15:26:22 nixos kernel: cpuidle: using governor menu
Jul 23 15:26:22 nixos kernel: acpiphp: ACPI Hot Plug PCI Controller Driver version: 0.5
Jul 23 15:26:22 nixos kernel: PCI: ECAM [mem 0xe0000000-0xefffffff] (base 0xe0000000) for domain 0000 [bus 00-ff]
Jul 23 15:26:22 nixos kernel: PCI: Using configuration type 1 for base access
Jul 23 15:26:22 nixos kernel: kprobes: kprobe jump-optimization is enabled. All kprobes are optimized if possible.
Jul 23 15:26:22 nixos kernel: HugeTLB: allocation took 0ms with hugepage_allocation_threads=2
Jul 23 15:26:22 nixos kernel: HugeTLB: registered 1.00 GiB page size, pre-allocated 0 pages
Jul 23 15:26:22 nixos kernel: HugeTLB: 16380 KiB vmemmap can be freed for a 1.00 GiB page
Jul 23 15:26:22 nixos kernel: HugeTLB: registered 2.00 MiB page size, pre-allocated 0 pages
Jul 23 15:26:22 nixos kernel: HugeTLB: 28 KiB vmemmap can be freed for a 2.00 MiB page
Jul 23 15:26:22 nixos kernel: ACPI: Added _OSI(Module Device)
Jul 23 15:26:22 nixos kernel: ACPI: Added _OSI(Processor Device)
Jul 23 15:26:22 nixos kernel: ACPI: Added _OSI(3.0 _SCP Extensions)
Jul 23 15:26:22 nixos kernel: ACPI: Added _OSI(Processor Aggregator Device)
Jul 23 15:26:22 nixos kernel: ACPI: 1 ACPI AML tables successfully acquired and loaded
Jul 23 15:26:22 nixos kernel: ACPI: Interpreter enabled
Jul 23 15:26:22 nixos kernel: ACPI: PM: (supports S0 S5)
Jul 23 15:26:22 nixos kernel: ACPI: Using IOAPIC for interrupt routing
Jul 23 15:26:22 nixos kernel: PCI: Using host bridge windows from ACPI; if necessary, use "pci=nocrs" and report a bug
Jul 23 15:26:22 nixos kernel: PCI: Ignoring E820 reservations for host bridge windows
Jul 23 15:26:22 nixos kernel: ACPI: Enabled 2 GPEs in block 00 to 3F
Jul 23 15:26:22 nixos kernel: ACPI: PCI Root Bridge [PCI0] (domain 0000 [bus 00-ff])
Jul 23 15:26:22 nixos kernel: acpi PNP0A08:00: _OSC: OS supports [ExtendedConfig ASPM ClockPM Segments MSI HPX-Type3]
Jul 23 15:26:22 nixos kernel: acpi PNP0A08:00: _OSC: platform does not support [PCIeHotplug LTR]
Jul 23 15:26:22 nixos kernel: acpi PNP0A08:00: _OSC: OS now controls [PME PCIeCapability]
Jul 23 15:26:22 nixos kernel: PCI host bridge to bus 0000:00
Jul 23 15:26:22 nixos kernel: pci_bus 0000:00: root bus resource [io  0x0000-0x0cf7 window]
Jul 23 15:26:22 nixos kernel: pci_bus 0000:00: root bus resource [io  0x0d00-0xffff window]
Jul 23 15:26:22 nixos kernel: pci_bus 0000:00: root bus resource [mem 0x000a0000-0x000bffff window]
Jul 23 15:26:22 nixos kernel: pci_bus 0000:00: root bus resource [mem 0x80000000-0xdfffffff window]
Jul 23 15:26:22 nixos kernel: pci_bus 0000:00: root bus resource [mem 0xf0000000-0xfebfffff window]
Jul 23 15:26:22 nixos kernel: pci_bus 0000:00: root bus resource [mem 0x380000000000-0x386fffffffff window]
Jul 23 15:26:22 nixos kernel: pci_bus 0000:00: root bus resource [bus 00-ff]
Jul 23 15:26:22 nixos kernel: pci 0000:00:00.0: [8086:29c0] type 00 class 0x060000 conventional PCI endpoint
Jul 23 15:26:22 nixos kernel: pci 0000:00:01.0: [1b36:0100] type 00 class 0x030000 conventional PCI endpoint
Jul 23 15:26:22 nixos kernel: pci 0000:00:01.0: BAR 0 [mem 0x84000000-0x87ffffff]
Jul 23 15:26:22 nixos kernel: pci 0000:00:01.0: BAR 1 [mem 0x80000000-0x83ffffff]
Jul 23 15:26:22 nixos kernel: pci 0000:00:01.0: BAR 2 [mem 0x89c44000-0x89c45fff]
Jul 23 15:26:22 nixos kernel: pci 0000:00:01.0: BAR 3 [io  0x6060-0x607f]
Jul 23 15:26:22 nixos kernel: pci 0000:00:01.0: ROM [mem 0xffff0000-0xffffffff pref]
Jul 23 15:26:22 nixos kernel: pci 0000:00:01.0: Video device with shadowed ROM at [mem 0x000c0000-0x000dffff]
Jul 23 15:26:22 nixos kernel: pci 0000:00:02.0: [1b36:000c] type 01 class 0x060400 PCIe Root Port
Jul 23 15:26:22 nixos kernel: pci 0000:00:02.0: BAR 0 [mem 0x89c54000-0x89c54fff]
Jul 23 15:26:22 nixos kernel: pci 0000:00:02.0: PCI bridge to [bus 01]
Jul 23 15:26:22 nixos kernel: pci 0000:00:02.0:   bridge window [mem 0x89a00000-0x89bfffff]
Jul 23 15:26:22 nixos kernel: pci 0000:00:02.0:   bridge window [mem 0x380000000000-0x3807ffffffff 64bit pref]
Jul 23 15:26:22 nixos kernel: pci 0000:00:02.0: enabling Extended Tags
Jul 23 15:26:22 nixos kernel: pci 0000:00:02.1: [1b36:000c] type 01 class 0x060400 PCIe Root Port
Jul 23 15:26:22 nixos kernel: pci 0000:00:02.1: BAR 0 [mem 0x89c53000-0x89c53fff]
Jul 23 15:26:22 nixos kernel: pci 0000:00:02.1: PCI bridge to [bus 02]
Jul 23 15:26:22 nixos kernel: pci 0000:00:02.1:   bridge window [mem 0x89800000-0x899fffff]
Jul 23 15:26:22 nixos kernel: pci 0000:00:02.1:   bridge window [mem 0x380800000000-0x380fffffffff 64bit pref]
Jul 23 15:26:22 nixos kernel: pci 0000:00:02.1: enabling Extended Tags
Jul 23 15:26:22 nixos kernel: pci 0000:00:02.2: [1b36:000c] type 01 class 0x060400 PCIe Root Port
Jul 23 15:26:22 nixos kernel: pci 0000:00:02.2: BAR 0 [mem 0x89c52000-0x89c52fff]
Jul 23 15:26:22 nixos kernel: pci 0000:00:02.2: PCI bridge to [bus 03]
Jul 23 15:26:22 nixos kernel: pci 0000:00:02.2:   bridge window [mem 0x89600000-0x897fffff]
Jul 23 15:26:22 nixos kernel: pci 0000:00:02.2:   bridge window [mem 0x381000000000-0x3817ffffffff 64bit pref]
Jul 23 15:26:22 nixos kernel: pci 0000:00:02.2: enabling Extended Tags
Jul 23 15:26:22 nixos kernel: pci 0000:00:02.3: [1b36:000c] type 01 class 0x060400 PCIe Root Port
Jul 23 15:26:22 nixos kernel: pci 0000:00:02.3: BAR 0 [mem 0x89c51000-0x89c51fff]
Jul 23 15:26:22 nixos kernel: pci 0000:00:02.3: PCI bridge to [bus 04]
Jul 23 15:26:22 nixos kernel: pci 0000:00:02.3:   bridge window [mem 0x89400000-0x895fffff]
Jul 23 15:26:22 nixos kernel: pci 0000:00:02.3:   bridge window [mem 0x381800000000-0x381fffffffff 64bit pref]
Jul 23 15:26:22 nixos kernel: pci 0000:00:02.3: enabling Extended Tags
Jul 23 15:26:22 nixos kernel: pci 0000:00:02.4: [1b36:000c] type 01 class 0x060400 PCIe Root Port
Jul 23 15:26:22 nixos kernel: pci 0000:00:02.4: BAR 0 [mem 0x89c50000-0x89c50fff]
Jul 23 15:26:22 nixos kernel: pci 0000:00:02.4: PCI bridge to [bus 05]
Jul 23 15:26:22 nixos kernel: pci 0000:00:02.4:   bridge window [mem 0x89200000-0x893fffff]
Jul 23 15:26:22 nixos kernel: pci 0000:00:02.4:   bridge window [mem 0x382000000000-0x3827ffffffff 64bit pref]
Jul 23 15:26:22 nixos kernel: pci 0000:00:02.4: enabling Extended Tags
Jul 23 15:26:22 nixos kernel: pci 0000:00:02.5: [1b36:000c] type 01 class 0x060400 PCIe Root Port
Jul 23 15:26:22 nixos kernel: pci 0000:00:02.5: BAR 0 [mem 0x89c4f000-0x89c4ffff]
Jul 23 15:26:22 nixos kernel: pci 0000:00:02.5: PCI bridge to [bus 06]
Jul 23 15:26:22 nixos kernel: pci 0000:00:02.5:   bridge window [mem 0x89000000-0x891fffff]
Jul 23 15:26:22 nixos kernel: pci 0000:00:02.5:   bridge window [mem 0x382800000000-0x382fffffffff 64bit pref]
Jul 23 15:26:22 nixos kernel: pci 0000:00:02.5: enabling Extended Tags
Jul 23 15:26:22 nixos kernel: pci 0000:00:02.6: [1b36:000c] type 01 class 0x060400 PCIe Root Port
Jul 23 15:26:22 nixos kernel: pci 0000:00:02.6: BAR 0 [mem 0x89c4e000-0x89c4efff]
Jul 23 15:26:22 nixos kernel: pci 0000:00:02.6: PCI bridge to [bus 07]
Jul 23 15:26:22 nixos kernel: pci 0000:00:02.6:   bridge window [mem 0x88e00000-0x88ffffff]
Jul 23 15:26:22 nixos kernel: pci 0000:00:02.6:   bridge window [mem 0x383000000000-0x3837ffffffff 64bit pref]
Jul 23 15:26:22 nixos kernel: pci 0000:00:02.6: enabling Extended Tags
Jul 23 15:26:22 nixos kernel: pci 0000:00:02.7: [1b36:000c] type 01 class 0x060400 PCIe Root Port
Jul 23 15:26:22 nixos kernel: pci 0000:00:02.7: BAR 0 [mem 0x89c4d000-0x89c4dfff]
Jul 23 15:26:22 nixos kernel: pci 0000:00:02.7: PCI bridge to [bus 08]
Jul 23 15:26:22 nixos kernel: pci 0000:00:02.7:   bridge window [mem 0x88c00000-0x88dfffff]
Jul 23 15:26:22 nixos kernel: pci 0000:00:02.7:   bridge window [mem 0x383800000000-0x383fffffffff 64bit pref]
Jul 23 15:26:22 nixos kernel: pci 0000:00:02.7: enabling Extended Tags
Jul 23 15:26:22 nixos kernel: pci 0000:00:03.0: [1b36:000c] type 01 class 0x060400 PCIe Root Port
Jul 23 15:26:22 nixos kernel: pci 0000:00:03.0: BAR 0 [mem 0x89c4c000-0x89c4cfff]
Jul 23 15:26:22 nixos kernel: pci 0000:00:03.0: PCI bridge to [bus 09]
Jul 23 15:26:22 nixos kernel: pci 0000:00:03.0:   bridge window [mem 0x88a00000-0x88bfffff]
Jul 23 15:26:22 nixos kernel: pci 0000:00:03.0:   bridge window [mem 0x384000000000-0x3847ffffffff 64bit pref]
Jul 23 15:26:22 nixos kernel: pci 0000:00:03.0: enabling Extended Tags
Jul 23 15:26:22 nixos kernel: pci 0000:00:03.1: [1b36:000c] type 01 class 0x060400 PCIe Root Port
Jul 23 15:26:22 nixos kernel: pci 0000:00:03.1: BAR 0 [mem 0x89c4b000-0x89c4bfff]
Jul 23 15:26:22 nixos kernel: pci 0000:00:03.1: PCI bridge to [bus 0a]
Jul 23 15:26:22 nixos kernel: pci 0000:00:03.1:   bridge window [mem 0x88800000-0x889fffff]
Jul 23 15:26:22 nixos kernel: pci 0000:00:03.1:   bridge window [mem 0x384800000000-0x384fffffffff 64bit pref]
Jul 23 15:26:22 nixos kernel: pci 0000:00:03.1: enabling Extended Tags
Jul 23 15:26:22 nixos kernel: pci 0000:00:03.2: [1b36:000c] type 01 class 0x060400 PCIe Root Port
Jul 23 15:26:22 nixos kernel: pci 0000:00:03.2: BAR 0 [mem 0x89c4a000-0x89c4afff]
Jul 23 15:26:22 nixos kernel: pci 0000:00:03.2: PCI bridge to [bus 0b]
Jul 23 15:26:22 nixos kernel: pci 0000:00:03.2:   bridge window [mem 0x88600000-0x887fffff]
Jul 23 15:26:22 nixos kernel: pci 0000:00:03.2:   bridge window [mem 0x385000000000-0x3857ffffffff 64bit pref]
Jul 23 15:26:22 nixos kernel: pci 0000:00:03.2: enabling Extended Tags
Jul 23 15:26:22 nixos kernel: pci 0000:00:03.3: [1b36:000c] type 01 class 0x060400 PCIe Root Port
Jul 23 15:26:22 nixos kernel: pci 0000:00:03.3: BAR 0 [mem 0x89c49000-0x89c49fff]
Jul 23 15:26:22 nixos kernel: pci 0000:00:03.3: PCI bridge to [bus 0c]
Jul 23 15:26:22 nixos kernel: pci 0000:00:03.3:   bridge window [mem 0x88400000-0x885fffff]
Jul 23 15:26:22 nixos kernel: pci 0000:00:03.3:   bridge window [mem 0x385800000000-0x385fffffffff 64bit pref]
Jul 23 15:26:22 nixos kernel: pci 0000:00:03.3: enabling Extended Tags
Jul 23 15:26:22 nixos kernel: pci 0000:00:03.4: [1b36:000c] type 01 class 0x060400 PCIe Root Port
Jul 23 15:26:22 nixos kernel: pci 0000:00:03.4: BAR 0 [mem 0x89c48000-0x89c48fff]
Jul 23 15:26:22 nixos kernel: pci 0000:00:03.4: PCI bridge to [bus 0d]
Jul 23 15:26:22 nixos kernel: pci 0000:00:03.4:   bridge window [mem 0x88200000-0x883fffff]
Jul 23 15:26:22 nixos kernel: pci 0000:00:03.4:   bridge window [mem 0x386000000000-0x3867ffffffff 64bit pref]
Jul 23 15:26:22 nixos kernel: pci 0000:00:03.4: enabling Extended Tags
Jul 23 15:26:22 nixos kernel: pci 0000:00:03.5: [1b36:000c] type 01 class 0x060400 PCIe Root Port
Jul 23 15:26:22 nixos kernel: pci 0000:00:03.5: BAR 0 [mem 0x89c47000-0x89c47fff]
Jul 23 15:26:22 nixos kernel: pci 0000:00:03.5: PCI bridge to [bus 0e]
Jul 23 15:26:22 nixos kernel: pci 0000:00:03.5:   bridge window [mem 0x88000000-0x881fffff]
Jul 23 15:26:22 nixos kernel: pci 0000:00:03.5:   bridge window [mem 0x386800000000-0x386fffffffff 64bit pref]
Jul 23 15:26:22 nixos kernel: pci 0000:00:03.5: enabling Extended Tags
Jul 23 15:26:22 nixos kernel: pci 0000:00:1b.0: [8086:293e] type 00 class 0x040300 conventional PCI endpoint
Jul 23 15:26:22 nixos kernel: pci 0000:00:1b.0: BAR 0 [mem 0x89c40000-0x89c43fff]
Jul 23 15:26:22 nixos kernel: pci 0000:00:1f.0: [8086:2918] type 00 class 0x060100 conventional PCI endpoint
Jul 23 15:26:22 nixos kernel: pci 0000:00:1f.0: quirk: [io  0x0600-0x067f] claimed by ICH6 ACPI/GPIO/TCO
Jul 23 15:26:22 nixos kernel: pci 0000:00:1f.2: [8086:2922] type 00 class 0x010601 conventional PCI endpoint
Jul 23 15:26:22 nixos kernel: pci 0000:00:1f.2: BAR 4 [io  0x6040-0x605f]
Jul 23 15:26:22 nixos kernel: pci 0000:00:1f.2: BAR 5 [mem 0x89c46000-0x89c46fff]
Jul 23 15:26:22 nixos kernel: pci 0000:00:1f.3: [8086:2930] type 00 class 0x0c0500 conventional PCI endpoint
Jul 23 15:26:22 nixos kernel: pci 0000:00:1f.3: BAR 4 [io  0x6000-0x603f]
Jul 23 15:26:22 nixos kernel: acpiphp: Slot [0] registered
Jul 23 15:26:22 nixos kernel: pci 0000:01:00.0: [1af4:1041] type 00 class 0x020000 PCIe Endpoint
Jul 23 15:26:22 nixos kernel: pci 0000:01:00.0: BAR 1 [mem 0x89a00000-0x89a00fff]
Jul 23 15:26:22 nixos kernel: pci 0000:01:00.0: BAR 4 [mem 0x380000000000-0x380000003fff 64bit pref]
Jul 23 15:26:22 nixos kernel: pci 0000:01:00.0: ROM [mem 0xfffc0000-0xffffffff pref]
Jul 23 15:26:22 nixos kernel: pci 0000:01:00.0: enabling Extended Tags
Jul 23 15:26:22 nixos kernel: pci 0000:00:02.0: PCI bridge to [bus 01]
Jul 23 15:26:22 nixos kernel: acpiphp: Slot [0-1] registered
Jul 23 15:26:22 nixos kernel: pci 0000:02:00.0: [1b36:000d] type 00 class 0x0c0330 PCIe Endpoint
Jul 23 15:26:22 nixos kernel: pci 0000:02:00.0: BAR 0 [mem 0x89800000-0x89803fff 64bit]
Jul 23 15:26:22 nixos kernel: pci 0000:02:00.0: enabling Extended Tags
Jul 23 15:26:22 nixos kernel: pci 0000:00:02.1: PCI bridge to [bus 02]
Jul 23 15:26:22 nixos kernel: acpiphp: Slot [0-2] registered
Jul 23 15:26:22 nixos kernel: pci 0000:03:00.0: [1af4:1043] type 00 class 0x078000 PCIe Endpoint
Jul 23 15:26:22 nixos kernel: pci 0000:03:00.0: BAR 1 [mem 0x89600000-0x89600fff]
Jul 23 15:26:22 nixos kernel: pci 0000:03:00.0: BAR 4 [mem 0x381000000000-0x381000003fff 64bit pref]
Jul 23 15:26:22 nixos kernel: pci 0000:03:00.0: enabling Extended Tags
Jul 23 15:26:22 nixos kernel: pci 0000:00:02.2: PCI bridge to [bus 03]
Jul 23 15:26:22 nixos kernel: acpiphp: Slot [0-3] registered
Jul 23 15:26:22 nixos kernel: pci 0000:04:00.0: [1af4:1042] type 00 class 0x010000 PCIe Endpoint
Jul 23 15:26:22 nixos kernel: pci 0000:04:00.0: BAR 1 [mem 0x89400000-0x89400fff]
Jul 23 15:26:22 nixos kernel: pci 0000:04:00.0: BAR 4 [mem 0x381800000000-0x381800003fff 64bit pref]
Jul 23 15:26:22 nixos kernel: pci 0000:04:00.0: enabling Extended Tags
Jul 23 15:26:22 nixos kernel: pci 0000:00:02.3: PCI bridge to [bus 04]
Jul 23 15:26:22 nixos kernel: acpiphp: Slot [0-4] registered
Jul 23 15:26:22 nixos kernel: pci 0000:05:00.0: [1af4:1045] type 00 class 0x00ff00 PCIe Endpoint
Jul 23 15:26:22 nixos kernel: pci 0000:05:00.0: BAR 4 [mem 0x382000000000-0x382000003fff 64bit pref]
Jul 23 15:26:22 nixos kernel: pci 0000:05:00.0: enabling Extended Tags
Jul 23 15:26:22 nixos kernel: pci 0000:00:02.4: PCI bridge to [bus 05]
Jul 23 15:26:22 nixos kernel: acpiphp: Slot [0-5] registered
Jul 23 15:26:22 nixos kernel: pci 0000:06:00.0: [1af4:1044] type 00 class 0x00ff00 PCIe Endpoint
Jul 23 15:26:22 nixos kernel: pci 0000:06:00.0: BAR 1 [mem 0x89000000-0x89000fff]
Jul 23 15:26:22 nixos kernel: pci 0000:06:00.0: BAR 4 [mem 0x382800000000-0x382800003fff 64bit pref]
Jul 23 15:26:22 nixos kernel: pci 0000:06:00.0: enabling Extended Tags
Jul 23 15:26:22 nixos kernel: pci 0000:00:02.5: PCI bridge to [bus 06]
Jul 23 15:26:22 nixos kernel: acpiphp: Slot [0-6] registered
Jul 23 15:26:22 nixos kernel: pci 0000:00:02.6: PCI bridge to [bus 07]
Jul 23 15:26:22 nixos kernel: acpiphp: Slot [0-7] registered
Jul 23 15:26:22 nixos kernel: pci 0000:00:02.7: PCI bridge to [bus 08]
Jul 23 15:26:22 nixos kernel: acpiphp: Slot [0-8] registered
Jul 23 15:26:22 nixos kernel: pci 0000:00:03.0: PCI bridge to [bus 09]
Jul 23 15:26:22 nixos kernel: acpiphp: Slot [0-9] registered
Jul 23 15:26:22 nixos kernel: pci 0000:00:03.1: PCI bridge to [bus 0a]
Jul 23 15:26:22 nixos kernel: acpiphp: Slot [0-10] registered
Jul 23 15:26:22 nixos kernel: pci 0000:00:03.2: PCI bridge to [bus 0b]
Jul 23 15:26:22 nixos kernel: acpiphp: Slot [0-11] registered
Jul 23 15:26:22 nixos kernel: pci 0000:00:03.3: PCI bridge to [bus 0c]
Jul 23 15:26:22 nixos kernel: acpiphp: Slot [0-12] registered
Jul 23 15:26:22 nixos kernel: pci 0000:00:03.4: PCI bridge to [bus 0d]
Jul 23 15:26:22 nixos kernel: acpiphp: Slot [0-13] registered
Jul 23 15:26:22 nixos kernel: pci 0000:00:03.5: PCI bridge to [bus 0e]
Jul 23 15:26:22 nixos kernel: ACPI: PCI: Interrupt link LNKA configured for IRQ 10
Jul 23 15:26:22 nixos kernel: ACPI: PCI: Interrupt link LNKB configured for IRQ 10
Jul 23 15:26:22 nixos kernel: ACPI: PCI: Interrupt link LNKC configured for IRQ 11
Jul 23 15:26:22 nixos kernel: ACPI: PCI: Interrupt link LNKD configured for IRQ 11
Jul 23 15:26:22 nixos kernel: ACPI: PCI: Interrupt link LNKE configured for IRQ 10
Jul 23 15:26:22 nixos kernel: ACPI: PCI: Interrupt link LNKF configured for IRQ 10
Jul 23 15:26:22 nixos kernel: ACPI: PCI: Interrupt link LNKG configured for IRQ 11
Jul 23 15:26:22 nixos kernel: ACPI: PCI: Interrupt link LNKH configured for IRQ 11
Jul 23 15:26:22 nixos kernel: ACPI: PCI: Interrupt link GSIA configured for IRQ 16
Jul 23 15:26:22 nixos kernel: ACPI: PCI: Interrupt link GSIB configured for IRQ 17
Jul 23 15:26:22 nixos kernel: ACPI: PCI: Interrupt link GSIC configured for IRQ 18
Jul 23 15:26:22 nixos kernel: ACPI: PCI: Interrupt link GSID configured for IRQ 19
Jul 23 15:26:22 nixos kernel: ACPI: PCI: Interrupt link GSIE configured for IRQ 20
Jul 23 15:26:22 nixos kernel: ACPI: PCI: Interrupt link GSIF configured for IRQ 21
Jul 23 15:26:22 nixos kernel: ACPI: PCI: Interrupt link GSIG configured for IRQ 22
Jul 23 15:26:22 nixos kernel: ACPI: PCI: Interrupt link GSIH configured for IRQ 23
Jul 23 15:26:22 nixos kernel: iommu: Default domain type: Translated
Jul 23 15:26:22 nixos kernel: iommu: DMA domain TLB invalidation policy: lazy mode
Jul 23 15:26:22 nixos kernel: ACPI: bus type USB registered
Jul 23 15:26:22 nixos kernel: usbcore: registered new interface driver usbfs
Jul 23 15:26:22 nixos kernel: usbcore: registered new interface driver hub
Jul 23 15:26:22 nixos kernel: usbcore: registered new device driver usb
Jul 23 15:26:22 nixos kernel: efivars: Registered efivars operations
Jul 23 15:26:22 nixos kernel: NetLabel: Initializing
Jul 23 15:26:22 nixos kernel: NetLabel:  domain hash size = 128
Jul 23 15:26:22 nixos kernel: NetLabel:  protocols = UNLABELED CIPSOv4 CALIPSO
Jul 23 15:26:22 nixos kernel: NetLabel:  unlabeled traffic allowed by default
Jul 23 15:26:22 nixos kernel: PCI: Using ACPI for IRQ routing
Jul 23 15:26:22 nixos kernel: PCI: pci_cache_line_size set to 64 bytes
Jul 23 15:26:22 nixos kernel: e820: reserve RAM buffer [mem 0x0009f000-0x0009ffff]
Jul 23 15:26:22 nixos kernel: e820: reserve RAM buffer [mem 0x7cf15000-0x7fffffff]
Jul 23 15:26:22 nixos kernel: e820: reserve RAM buffer [mem 0x7e8ed000-0x7fffffff]
Jul 23 15:26:22 nixos kernel: e820: reserve RAM buffer [mem 0x7ef79000-0x7fffffff]
Jul 23 15:26:22 nixos kernel: e820: reserve RAM buffer [mem 0x7f000000-0x7fffffff]
Jul 23 15:26:22 nixos kernel: e820: reserve RAM buffer [mem 0x562000000-0x563ffffff]
Jul 23 15:26:22 nixos kernel: pci 0000:00:01.0: vgaarb: setting as boot VGA device
Jul 23 15:26:22 nixos kernel: pci 0000:00:01.0: vgaarb: bridge control possible
Jul 23 15:26:22 nixos kernel: pci 0000:00:01.0: vgaarb: VGA device added: decodes=io+mem,owns=io+mem,locks=none
Jul 23 15:26:22 nixos kernel: vgaarb: loaded
Jul 23 15:26:22 nixos kernel: clocksource: Switched to clocksource kvm-clock
Jul 23 15:26:22 nixos kernel: VFS: Disk quotas dquot_6.6.0
Jul 23 15:26:22 nixos kernel: VFS: Dquot-cache hash table entries: 512 (order 0, 4096 bytes)
Jul 23 15:26:22 nixos kernel: pnp: PnP ACPI init
Jul 23 15:26:22 nixos kernel: system 00:04: [mem 0xe0000000-0xefffffff window] has been reserved
Jul 23 15:26:22 nixos kernel: pnp: PnP ACPI: found 5 devices
Jul 23 15:26:22 nixos kernel: clocksource: acpi_pm: mask: 0xffffff max_cycles: 0xffffff, max_idle_ns: 2085701024 ns
Jul 23 15:26:22 nixos kernel: NET: Registered PF_INET protocol family
Jul 23 15:26:22 nixos kernel: IP idents hash table entries: 262144 (order: 9, 2097152 bytes, linear)
Jul 23 15:26:22 nixos kernel: tcp_listen_portaddr_hash hash table entries: 16384 (order: 6, 262144 bytes, linear)
Jul 23 15:26:22 nixos kernel: Table-perturb hash table entries: 65536 (order: 6, 262144 bytes, linear)
Jul 23 15:26:22 nixos kernel: TCP established hash table entries: 262144 (order: 9, 2097152 bytes, linear)
Jul 23 15:26:22 nixos kernel: TCP bind hash table entries: 65536 (order: 9, 2097152 bytes, linear)
Jul 23 15:26:22 nixos kernel: TCP: Hash tables configured (established 262144 bind 65536)
Jul 23 15:26:22 nixos kernel: MPTCP token hash table entries: 32768 (order: 7, 786432 bytes, linear)
Jul 23 15:26:22 nixos kernel: UDP hash table entries: 16384 (order: 8, 1048576 bytes, linear)
Jul 23 15:26:22 nixos kernel: UDP-Lite hash table entries: 16384 (order: 8, 1048576 bytes, linear)
Jul 23 15:26:22 nixos kernel: NET: Registered PF_UNIX/PF_LOCAL protocol family
Jul 23 15:26:22 nixos kernel: NET: Registered PF_XDP protocol family
Jul 23 15:26:22 nixos kernel: pci 0000:01:00.0: ROM [mem 0xfffc0000-0xffffffff pref]: can't claim; no compatible bridge window
Jul 23 15:26:22 nixos kernel: pci 0000:00:02.0: bridge window [io  0x1000-0x0fff] to [bus 01] add_size 1000
Jul 23 15:26:22 nixos kernel: pci 0000:00:02.1: bridge window [io  0x1000-0x0fff] to [bus 02] add_size 1000
Jul 23 15:26:22 nixos kernel: pci 0000:00:02.2: bridge window [io  0x1000-0x0fff] to [bus 03] add_size 1000
Jul 23 15:26:22 nixos kernel: pci 0000:00:02.3: bridge window [io  0x1000-0x0fff] to [bus 04] add_size 1000
Jul 23 15:26:22 nixos kernel: pci 0000:00:02.4: bridge window [io  0x1000-0x0fff] to [bus 05] add_size 1000
Jul 23 15:26:22 nixos kernel: pci 0000:00:02.5: bridge window [io  0x1000-0x0fff] to [bus 06] add_size 1000
Jul 23 15:26:22 nixos kernel: pci 0000:00:02.6: bridge window [io  0x1000-0x0fff] to [bus 07] add_size 1000
Jul 23 15:26:22 nixos kernel: pci 0000:00:02.7: bridge window [io  0x1000-0x0fff] to [bus 08] add_size 1000
Jul 23 15:26:22 nixos kernel: pci 0000:00:03.0: bridge window [io  0x1000-0x0fff] to [bus 09] add_size 1000
Jul 23 15:26:22 nixos kernel: pci 0000:00:03.1: bridge window [io  0x1000-0x0fff] to [bus 0a] add_size 1000
Jul 23 15:26:22 nixos kernel: pci 0000:00:03.2: bridge window [io  0x1000-0x0fff] to [bus 0b] add_size 1000
Jul 23 15:26:22 nixos kernel: pci 0000:00:03.3: bridge window [io  0x1000-0x0fff] to [bus 0c] add_size 1000
Jul 23 15:26:22 nixos kernel: pci 0000:00:03.4: bridge window [io  0x1000-0x0fff] to [bus 0d] add_size 1000
Jul 23 15:26:22 nixos kernel: pci 0000:00:03.5: bridge window [io  0x1000-0x0fff] to [bus 0e] add_size 1000
Jul 23 15:26:22 nixos kernel: pci 0000:00:02.0: bridge window [io  0x1000-0x1fff]: assigned
Jul 23 15:26:22 nixos kernel: pci 0000:00:02.1: bridge window [io  0x2000-0x2fff]: assigned
Jul 23 15:26:22 nixos kernel: pci 0000:00:02.2: bridge window [io  0x3000-0x3fff]: assigned
Jul 23 15:26:22 nixos kernel: pci 0000:00:02.3: bridge window [io  0x4000-0x4fff]: assigned
Jul 23 15:26:22 nixos kernel: pci 0000:00:02.4: bridge window [io  0x5000-0x5fff]: assigned
Jul 23 15:26:22 nixos kernel: pci 0000:00:02.5: bridge window [io  0x7000-0x7fff]: assigned
Jul 23 15:26:22 nixos kernel: pci 0000:00:02.6: bridge window [io  0x8000-0x8fff]: assigned
Jul 23 15:26:22 nixos kernel: pci 0000:00:02.7: bridge window [io  0x9000-0x9fff]: assigned
Jul 23 15:26:22 nixos kernel: pci 0000:00:03.0: bridge window [io  0xa000-0xafff]: assigned
Jul 23 15:26:22 nixos kernel: pci 0000:00:03.1: bridge window [io  0xb000-0xbfff]: assigned
Jul 23 15:26:22 nixos kernel: pci 0000:00:03.2: bridge window [io  0xc000-0xcfff]: assigned
Jul 23 15:26:22 nixos kernel: pci 0000:00:03.3: bridge window [io  0xd000-0xdfff]: assigned
Jul 23 15:26:22 nixos kernel: pci 0000:00:03.4: bridge window [io  0xe000-0xefff]: assigned
Jul 23 15:26:22 nixos kernel: pci 0000:00:03.5: bridge window [io  0xf000-0xffff]: assigned
Jul 23 15:26:22 nixos kernel: pci 0000:01:00.0: ROM [mem 0x89a40000-0x89a7ffff pref]: assigned
Jul 23 15:26:22 nixos kernel: pci 0000:00:02.0: PCI bridge to [bus 01]
Jul 23 15:26:22 nixos kernel: pci 0000:00:02.0:   bridge window [io  0x1000-0x1fff]
Jul 23 15:26:22 nixos kernel: pci 0000:00:02.0:   bridge window [mem 0x89a00000-0x89bfffff]
Jul 23 15:26:22 nixos kernel: pci 0000:00:02.0:   bridge window [mem 0x380000000000-0x3807ffffffff 64bit pref]
Jul 23 15:26:22 nixos kernel: pci 0000:00:02.1: PCI bridge to [bus 02]
Jul 23 15:26:22 nixos kernel: pci 0000:00:02.1:   bridge window [io  0x2000-0x2fff]
Jul 23 15:26:22 nixos kernel: pci 0000:00:02.1:   bridge window [mem 0x89800000-0x899fffff]
Jul 23 15:26:22 nixos kernel: pci 0000:00:02.1:   bridge window [mem 0x380800000000-0x380fffffffff 64bit pref]
Jul 23 15:26:22 nixos kernel: pci 0000:00:02.2: PCI bridge to [bus 03]
Jul 23 15:26:22 nixos kernel: pci 0000:00:02.2:   bridge window [io  0x3000-0x3fff]
Jul 23 15:26:22 nixos kernel: pci 0000:00:02.2:   bridge window [mem 0x89600000-0x897fffff]
Jul 23 15:26:22 nixos kernel: pci 0000:00:02.2:   bridge window [mem 0x381000000000-0x3817ffffffff 64bit pref]
Jul 23 15:26:22 nixos kernel: pci 0000:00:02.3: PCI bridge to [bus 04]
Jul 23 15:26:22 nixos kernel: pci 0000:00:02.3:   bridge window [io  0x4000-0x4fff]
Jul 23 15:26:22 nixos kernel: pci 0000:00:02.3:   bridge window [mem 0x89400000-0x895fffff]
Jul 23 15:26:22 nixos kernel: pci 0000:00:02.3:   bridge window [mem 0x381800000000-0x381fffffffff 64bit pref]
Jul 23 15:26:22 nixos kernel: pci 0000:00:02.4: PCI bridge to [bus 05]
Jul 23 15:26:22 nixos kernel: pci 0000:00:02.4:   bridge window [io  0x5000-0x5fff]
Jul 23 15:26:22 nixos kernel: pci 0000:00:02.4:   bridge window [mem 0x89200000-0x893fffff]
Jul 23 15:26:22 nixos kernel: pci 0000:00:02.4:   bridge window [mem 0x382000000000-0x3827ffffffff 64bit pref]
Jul 23 15:26:22 nixos kernel: pci 0000:00:02.5: PCI bridge to [bus 06]
Jul 23 15:26:22 nixos kernel: pci 0000:00:02.5:   bridge window [io  0x7000-0x7fff]
Jul 23 15:26:22 nixos kernel: pci 0000:00:02.5:   bridge window [mem 0x89000000-0x891fffff]
Jul 23 15:26:22 nixos kernel: pci 0000:00:02.5:   bridge window [mem 0x382800000000-0x382fffffffff 64bit pref]
Jul 23 15:26:22 nixos kernel: pci 0000:00:02.6: PCI bridge to [bus 07]
Jul 23 15:26:22 nixos kernel: pci 0000:00:02.6:   bridge window [io  0x8000-0x8fff]
Jul 23 15:26:22 nixos kernel: pci 0000:00:02.6:   bridge window [mem 0x88e00000-0x88ffffff]
Jul 23 15:26:22 nixos kernel: pci 0000:00:02.6:   bridge window [mem 0x383000000000-0x3837ffffffff 64bit pref]
Jul 23 15:26:22 nixos kernel: pci 0000:00:02.7: PCI bridge to [bus 08]
Jul 23 15:26:22 nixos kernel: pci 0000:00:02.7:   bridge window [io  0x9000-0x9fff]
Jul 23 15:26:22 nixos kernel: pci 0000:00:02.7:   bridge window [mem 0x88c00000-0x88dfffff]
Jul 23 15:26:22 nixos kernel: pci 0000:00:02.7:   bridge window [mem 0x383800000000-0x383fffffffff 64bit pref]
Jul 23 15:26:22 nixos kernel: pci 0000:00:03.0: PCI bridge to [bus 09]
Jul 23 15:26:22 nixos kernel: pci 0000:00:03.0:   bridge window [io  0xa000-0xafff]
Jul 23 15:26:22 nixos kernel: pci 0000:00:03.0:   bridge window [mem 0x88a00000-0x88bfffff]
Jul 23 15:26:22 nixos kernel: pci 0000:00:03.0:   bridge window [mem 0x384000000000-0x3847ffffffff 64bit pref]
Jul 23 15:26:22 nixos kernel: pci 0000:00:03.1: PCI bridge to [bus 0a]
Jul 23 15:26:22 nixos kernel: pci 0000:00:03.1:   bridge window [io  0xb000-0xbfff]
Jul 23 15:26:22 nixos kernel: pci 0000:00:03.1:   bridge window [mem 0x88800000-0x889fffff]
Jul 23 15:26:22 nixos kernel: pci 0000:00:03.1:   bridge window [mem 0x384800000000-0x384fffffffff 64bit pref]
Jul 23 15:26:22 nixos kernel: pci 0000:00:03.2: PCI bridge to [bus 0b]
Jul 23 15:26:22 nixos kernel: pci 0000:00:03.2:   bridge window [io  0xc000-0xcfff]
Jul 23 15:26:22 nixos kernel: pci 0000:00:03.2:   bridge window [mem 0x88600000-0x887fffff]
Jul 23 15:26:22 nixos kernel: pci 0000:00:03.2:   bridge window [mem 0x385000000000-0x3857ffffffff 64bit pref]
Jul 23 15:26:22 nixos kernel: pci 0000:00:03.3: PCI bridge to [bus 0c]
Jul 23 15:26:22 nixos kernel: pci 0000:00:03.3:   bridge window [io  0xd000-0xdfff]
Jul 23 15:26:22 nixos kernel: pci 0000:00:03.3:   bridge window [mem 0x88400000-0x885fffff]
Jul 23 15:26:22 nixos kernel: pci 0000:00:03.3:   bridge window [mem 0x385800000000-0x385fffffffff 64bit pref]
Jul 23 15:26:22 nixos kernel: pci 0000:00:03.4: PCI bridge to [bus 0d]
Jul 23 15:26:22 nixos kernel: pci 0000:00:03.4:   bridge window [io  0xe000-0xefff]
Jul 23 15:26:22 nixos kernel: pci 0000:00:03.4:   bridge window [mem 0x88200000-0x883fffff]
Jul 23 15:26:22 nixos kernel: pci 0000:00:03.4:   bridge window [mem 0x386000000000-0x3867ffffffff 64bit pref]
Jul 23 15:26:22 nixos kernel: pci 0000:00:03.5: PCI bridge to [bus 0e]
Jul 23 15:26:22 nixos kernel: pci 0000:00:03.5:   bridge window [io  0xf000-0xffff]
Jul 23 15:26:22 nixos kernel: pci 0000:00:03.5:   bridge window [mem 0x88000000-0x881fffff]
Jul 23 15:26:22 nixos kernel: pci 0000:00:03.5:   bridge window [mem 0x386800000000-0x386fffffffff 64bit pref]
Jul 23 15:26:22 nixos kernel: pci_bus 0000:00: resource 4 [io  0x0000-0x0cf7 window]
Jul 23 15:26:22 nixos kernel: pci_bus 0000:00: resource 5 [io  0x0d00-0xffff window]
Jul 23 15:26:22 nixos kernel: pci_bus 0000:00: resource 6 [mem 0x000a0000-0x000bffff window]
Jul 23 15:26:22 nixos kernel: pci_bus 0000:00: resource 7 [mem 0x80000000-0xdfffffff window]
Jul 23 15:26:22 nixos kernel: pci_bus 0000:00: resource 8 [mem 0xf0000000-0xfebfffff window]
Jul 23 15:26:22 nixos kernel: pci_bus 0000:00: resource 9 [mem 0x380000000000-0x386fffffffff window]
Jul 23 15:26:22 nixos kernel: pci_bus 0000:01: resource 0 [io  0x1000-0x1fff]
Jul 23 15:26:22 nixos kernel: pci_bus 0000:01: resource 1 [mem 0x89a00000-0x89bfffff]
Jul 23 15:26:22 nixos kernel: pci_bus 0000:01: resource 2 [mem 0x380000000000-0x3807ffffffff 64bit pref]
Jul 23 15:26:22 nixos kernel: pci_bus 0000:02: resource 0 [io  0x2000-0x2fff]
Jul 23 15:26:22 nixos kernel: pci_bus 0000:02: resource 1 [mem 0x89800000-0x899fffff]
Jul 23 15:26:22 nixos kernel: pci_bus 0000:02: resource 2 [mem 0x380800000000-0x380fffffffff 64bit pref]
Jul 23 15:26:22 nixos kernel: pci_bus 0000:03: resource 0 [io  0x3000-0x3fff]
Jul 23 15:26:22 nixos kernel: pci_bus 0000:03: resource 1 [mem 0x89600000-0x897fffff]
Jul 23 15:26:22 nixos kernel: pci_bus 0000:03: resource 2 [mem 0x381000000000-0x3817ffffffff 64bit pref]
Jul 23 15:26:22 nixos kernel: pci_bus 0000:04: resource 0 [io  0x4000-0x4fff]
Jul 23 15:26:22 nixos kernel: pci_bus 0000:04: resource 1 [mem 0x89400000-0x895fffff]
Jul 23 15:26:22 nixos kernel: pci_bus 0000:04: resource 2 [mem 0x381800000000-0x381fffffffff 64bit pref]
Jul 23 15:26:22 nixos kernel: pci_bus 0000:05: resource 0 [io  0x5000-0x5fff]
Jul 23 15:26:22 nixos kernel: pci_bus 0000:05: resource 1 [mem 0x89200000-0x893fffff]
Jul 23 15:26:22 nixos kernel: pci_bus 0000:05: resource 2 [mem 0x382000000000-0x3827ffffffff 64bit pref]
Jul 23 15:26:22 nixos kernel: pci_bus 0000:06: resource 0 [io  0x7000-0x7fff]
Jul 23 15:26:22 nixos kernel: pci_bus 0000:06: resource 1 [mem 0x89000000-0x891fffff]
Jul 23 15:26:22 nixos kernel: pci_bus 0000:06: resource 2 [mem 0x382800000000-0x382fffffffff 64bit pref]
Jul 23 15:26:22 nixos kernel: pci_bus 0000:07: resource 0 [io  0x8000-0x8fff]
Jul 23 15:26:22 nixos kernel: pci_bus 0000:07: resource 1 [mem 0x88e00000-0x88ffffff]
Jul 23 15:26:22 nixos kernel: pci_bus 0000:07: resource 2 [mem 0x383000000000-0x3837ffffffff 64bit pref]
Jul 23 15:26:22 nixos kernel: pci_bus 0000:08: resource 0 [io  0x9000-0x9fff]
Jul 23 15:26:22 nixos kernel: pci_bus 0000:08: resource 1 [mem 0x88c00000-0x88dfffff]
Jul 23 15:26:22 nixos kernel: pci_bus 0000:08: resource 2 [mem 0x383800000000-0x383fffffffff 64bit pref]
Jul 23 15:26:22 nixos kernel: pci_bus 0000:09: resource 0 [io  0xa000-0xafff]
Jul 23 15:26:22 nixos kernel: pci_bus 0000:09: resource 1 [mem 0x88a00000-0x88bfffff]
Jul 23 15:26:22 nixos kernel: pci_bus 0000:09: resource 2 [mem 0x384000000000-0x3847ffffffff 64bit pref]
Jul 23 15:26:22 nixos kernel: pci_bus 0000:0a: resource 0 [io  0xb000-0xbfff]
Jul 23 15:26:22 nixos kernel: pci_bus 0000:0a: resource 1 [mem 0x88800000-0x889fffff]
Jul 23 15:26:22 nixos kernel: pci_bus 0000:0a: resource 2 [mem 0x384800000000-0x384fffffffff 64bit pref]
Jul 23 15:26:22 nixos kernel: pci_bus 0000:0b: resource 0 [io  0xc000-0xcfff]
Jul 23 15:26:22 nixos kernel: pci_bus 0000:0b: resource 1 [mem 0x88600000-0x887fffff]
Jul 23 15:26:22 nixos kernel: pci_bus 0000:0b: resource 2 [mem 0x385000000000-0x3857ffffffff 64bit pref]
Jul 23 15:26:22 nixos kernel: pci_bus 0000:0c: resource 0 [io  0xd000-0xdfff]
Jul 23 15:26:22 nixos kernel: pci_bus 0000:0c: resource 1 [mem 0x88400000-0x885fffff]
Jul 23 15:26:22 nixos kernel: pci_bus 0000:0c: resource 2 [mem 0x385800000000-0x385fffffffff 64bit pref]
Jul 23 15:26:22 nixos kernel: pci_bus 0000:0d: resource 0 [io  0xe000-0xefff]
Jul 23 15:26:22 nixos kernel: pci_bus 0000:0d: resource 1 [mem 0x88200000-0x883fffff]
Jul 23 15:26:22 nixos kernel: pci_bus 0000:0d: resource 2 [mem 0x386000000000-0x3867ffffffff 64bit pref]
Jul 23 15:26:22 nixos kernel: pci_bus 0000:0e: resource 0 [io  0xf000-0xffff]
Jul 23 15:26:22 nixos kernel: pci_bus 0000:0e: resource 1 [mem 0x88000000-0x881fffff]
Jul 23 15:26:22 nixos kernel: pci_bus 0000:0e: resource 2 [mem 0x386800000000-0x386fffffffff 64bit pref]
Jul 23 15:26:22 nixos kernel: ACPI: \_SB_.GSIG: Enabled at IRQ 22
Jul 23 15:26:22 nixos kernel: PCI: CLS 0 bytes, default 64
Jul 23 15:26:22 nixos kernel: PCI-DMA: Using software bounce buffering for IO (SWIOTLB)
Jul 23 15:26:22 nixos kernel: software IO TLB: mapped [mem 0x0000000076f3e000-0x000000007af3e000] (64MB)
Jul 23 15:26:22 nixos kernel: clocksource: tsc: mask: 0xffffffffffffffff max_cycles: 0x26bef67878b, max_idle_ns: 440795293631 ns
Jul 23 15:26:22 nixos kernel: Trying to unpack rootfs image as initramfs...
Jul 23 15:26:22 nixos kernel: Initialise system trusted keyrings
Jul 23 15:26:22 nixos kernel: workingset: timestamp_bits=40 max_order=23 bucket_order=0
Jul 23 15:26:22 nixos kernel: Key type asymmetric registered
Jul 23 15:26:22 nixos kernel: Asymmetric key parser 'x509' registered
Jul 23 15:26:22 nixos kernel: Block layer SCSI generic (bsg) driver version 0.4 loaded (major 251)
Jul 23 15:26:22 nixos kernel: io scheduler mq-deadline registered
Jul 23 15:26:22 nixos kernel: io scheduler kyber registered
Jul 23 15:26:22 nixos kernel: pcieport 0000:00:02.0: PME: Signaling with IRQ 24
Jul 23 15:26:22 nixos kernel: pcieport 0000:00:02.1: PME: Signaling with IRQ 25
Jul 23 15:26:22 nixos kernel: pcieport 0000:00:02.2: PME: Signaling with IRQ 26
Jul 23 15:26:22 nixos kernel: pcieport 0000:00:02.3: PME: Signaling with IRQ 27
Jul 23 15:26:22 nixos kernel: pcieport 0000:00:02.4: PME: Signaling with IRQ 28
Jul 23 15:26:22 nixos kernel: pcieport 0000:00:02.5: PME: Signaling with IRQ 29
Jul 23 15:26:22 nixos kernel: pcieport 0000:00:02.6: PME: Signaling with IRQ 30
Jul 23 15:26:22 nixos kernel: pcieport 0000:00:02.7: PME: Signaling with IRQ 31
Jul 23 15:26:22 nixos kernel: ACPI: \_SB_.GSIH: Enabled at IRQ 23
Jul 23 15:26:22 nixos kernel: pcieport 0000:00:03.0: PME: Signaling with IRQ 32
Jul 23 15:26:22 nixos kernel: pcieport 0000:00:03.1: PME: Signaling with IRQ 33
Jul 23 15:26:22 nixos kernel: pcieport 0000:00:03.2: PME: Signaling with IRQ 34
Jul 23 15:26:22 nixos kernel: pcieport 0000:00:03.3: PME: Signaling with IRQ 35
Jul 23 15:26:22 nixos kernel: pcieport 0000:00:03.4: PME: Signaling with IRQ 36
Jul 23 15:26:22 nixos kernel: pcieport 0000:00:03.5: PME: Signaling with IRQ 37
Jul 23 15:26:22 nixos kernel: Serial: 8250/16550 driver, 4 ports, IRQ sharing enabled
Jul 23 15:26:22 nixos kernel: 00:00: ttyS0 at I/O 0x3f8 (irq = 4, base_baud = 115200) is a 16550A
Jul 23 15:26:22 nixos kernel: Linux agpgart interface v0.103
Jul 23 15:26:22 nixos kernel: ACPI: bus type drm_connector registered
Jul 23 15:26:22 nixos kernel: usbcore: registered new interface driver usbserial_generic
Jul 23 15:26:22 nixos kernel: usbserial: USB Serial support registered for generic
Jul 23 15:26:22 nixos kernel: intel_pstate: CPU model not supported
Jul 23 15:26:22 nixos kernel: simple-framebuffer simple-framebuffer.0: [drm] Registered 1 planes with drm panic
Jul 23 15:26:22 nixos kernel: [drm] Initialized simpledrm 1.0.0 for simple-framebuffer.0 on minor 0
Jul 23 15:26:22 nixos kernel: fbcon: Deferring console take-over
Jul 23 15:26:22 nixos kernel: simple-framebuffer simple-framebuffer.0: [drm] fb0: simpledrmdrmfb frame buffer device
Jul 23 15:26:22 nixos kernel: drop_monitor: Initializing network drop monitor service
Jul 23 15:26:22 nixos kernel: NET: Registered PF_INET6 protocol family
Jul 23 15:26:22 nixos kernel: Freeing initrd memory: 12472K
Jul 23 15:26:22 nixos kernel: Segment Routing with IPv6
Jul 23 15:26:22 nixos kernel: In-situ OAM (IOAM) with IPv6
Jul 23 15:26:22 nixos kernel: IPI shorthand broadcast: enabled
Jul 23 15:26:22 nixos kernel: sched_clock: Marking stable (422001132, 1302628)->(579154944, -155851184)
Jul 23 15:26:22 nixos kernel: registered taskstats version 1
Jul 23 15:26:22 nixos kernel: Loading compiled-in X.509 certificates
Jul 23 15:26:22 nixos kernel: Demotion targets for Node 0: null
Jul 23 15:26:22 nixos kernel: Key type .fscrypt registered
Jul 23 15:26:22 nixos kernel: Key type fscrypt-provisioning registered
Jul 23 15:26:22 nixos kernel: PM:   Magic number: 1:445:452
Jul 23 15:26:22 nixos kernel: RAS: Correctable Errors collector initialized.
Jul 23 15:26:22 nixos kernel: clk: Disabling unused clocks
Jul 23 15:26:22 nixos kernel: PM: genpd: Disabling unused power domains
Jul 23 15:26:22 nixos kernel: Freeing unused decrypted memory: 2028K
Jul 23 15:26:22 nixos kernel: Freeing unused kernel image (initmem) memory: 3508K
Jul 23 15:26:22 nixos kernel: Write protecting the kernel read-only data: 32768k
Jul 23 15:26:22 nixos kernel: Freeing unused kernel image (text/rodata gap) memory: 1764K
Jul 23 15:26:22 nixos kernel: Freeing unused kernel image (rodata/data gap) memory: 960K
Jul 23 15:26:22 nixos kernel: x86/mm: Checked W+X mappings: passed, no W+X pages found.
Jul 23 15:26:22 nixos kernel: Run /init as init process
Jul 23 15:26:22 nixos kernel:   with arguments:
Jul 23 15:26:22 nixos kernel:     /init
Jul 23 15:26:22 nixos kernel:   with environment:
Jul 23 15:26:22 nixos kernel:     HOME=/
Jul 23 15:26:22 nixos kernel:     TERM=linux
Jul 23 15:26:22 nixos kernel: fbcon: Taking over console
Jul 23 15:26:22 nixos kernel: Console: switching to colour frame buffer device 160x50
Jul 23 15:26:22 nixos stage-1-init: [Wed Jul 23 22:26:20 UTC 2025] loading module virtio_balloon...
Jul 23 15:26:22 nixos stage-1-init: [Wed Jul 23 22:26:20 UTC 2025] loading module virtio_console...
Jul 23 15:26:22 nixos stage-1-init: [Wed Jul 23 22:26:20 UTC 2025] loading module virtio_rng...
Jul 23 15:26:22 nixos stage-1-init: [Wed Jul 23 22:26:20 UTC 2025] loading module virtio_gpu...
Jul 23 15:26:22 nixos stage-1-init: [Wed Jul 23 22:26:20 UTC 2025] loading module dm_mod...
Jul 23 15:26:22 nixos kernel: device-mapper: ioctl: 4.49.0-ioctl (2025-01-17) initialised: dm-devel@lists.linux.dev
Jul 23 15:26:22 nixos stage-1-init: [Wed Jul 23 22:26:20 UTC 2025] running udev...
Jul 23 15:26:22 nixos stage-1-init: [Wed Jul 23 22:26:20 UTC 2025] Starting systemd-udevd version 257.5
Jul 23 15:26:22 nixos kernel: i8042: PNP: PS/2 Controller [PNP0303:KBD,PNP0f13:MOU] at 0x60,0x64 irq 1,12
Jul 23 15:26:22 nixos kernel: serio: i8042 KBD port at 0x60,0x64 irq 1
Jul 23 15:26:22 nixos kernel: serio: i8042 AUX port at 0x60,0x64 irq 12
Jul 23 15:26:22 nixos kernel: xhci_hcd 0000:02:00.0: xHCI Host Controller
Jul 23 15:26:22 nixos kernel: xhci_hcd 0000:02:00.0: new USB bus registered, assigned bus number 1
Jul 23 15:26:22 nixos kernel: xhci_hcd 0000:02:00.0: hcc params 0x00087001 hci version 0x100 quirks 0x0000000000000010
Jul 23 15:26:22 nixos kernel: xhci_hcd 0000:02:00.0: xHCI Host Controller
Jul 23 15:26:22 nixos kernel: xhci_hcd 0000:02:00.0: new USB bus registered, assigned bus number 2
Jul 23 15:26:22 nixos kernel: xhci_hcd 0000:02:00.0: Host supports USB 3.0 SuperSpeed
Jul 23 15:26:22 nixos kernel: usb usb1: New USB device found, idVendor=1d6b, idProduct=0002, bcdDevice= 6.15
Jul 23 15:26:22 nixos kernel: usb usb1: New USB device strings: Mfr=3, Product=2, SerialNumber=1
Jul 23 15:26:22 nixos kernel: usb usb1: Product: xHCI Host Controller
Jul 23 15:26:22 nixos kernel: usb usb1: Manufacturer: Linux 6.15.0 xhci-hcd
Jul 23 15:26:22 nixos kernel: usb usb1: SerialNumber: 0000:02:00.0
Jul 23 15:26:22 nixos kernel: hub 1-0:1.0: USB hub found
Jul 23 15:26:22 nixos kernel: hub 1-0:1.0: 15 ports detected
Jul 23 15:26:22 nixos kernel: usb usb2: We don't know the algorithms for LPM for this host, disabling LPM.
Jul 23 15:26:22 nixos kernel: usb usb2: New USB device found, idVendor=1d6b, idProduct=0003, bcdDevice= 6.15
Jul 23 15:26:22 nixos kernel: usb usb2: New USB device strings: Mfr=3, Product=2, SerialNumber=1
Jul 23 15:26:22 nixos kernel: usb usb2: Product: xHCI Host Controller
Jul 23 15:26:22 nixos kernel: usb usb2: Manufacturer: Linux 6.15.0 xhci-hcd
Jul 23 15:26:22 nixos kernel: usb usb2: SerialNumber: 0000:02:00.0
Jul 23 15:26:22 nixos kernel: hub 2-0:1.0: USB hub found
Jul 23 15:26:22 nixos kernel: hub 2-0:1.0: 15 ports detected
Jul 23 15:26:22 nixos kernel: SCSI subsystem initialized
Jul 23 15:26:22 nixos kernel: input: AT Translated Set 2 keyboard as /devices/platform/i8042/serio0/input/input0
Jul 23 15:26:22 nixos kernel: virtio_blk virtio2: 8/0/0 default/read/poll queues
Jul 23 15:26:22 nixos kernel: virtio_blk virtio2: [vda] 134217728 512-byte logical blocks (68.7 GB/64.0 GiB)
Jul 23 15:26:22 nixos kernel:  vda: vda1 vda2
Jul 23 15:26:22 nixos kernel: virtio_net virtio0 enp1s0: renamed from eth0
Jul 23 15:26:22 nixos kernel: libata version 3.00 loaded.
Jul 23 15:26:22 nixos kernel: ahci 0000:00:1f.2: version 3.0
Jul 23 15:26:22 nixos kernel: ACPI: \_SB_.GSIA: Enabled at IRQ 16
Jul 23 15:26:22 nixos kernel: ahci 0000:00:1f.2: AHCI vers 0001.0000, 32 command slots, 1.5 Gbps, SATA mode
Jul 23 15:26:22 nixos kernel: ahci 0000:00:1f.2: 6/6 ports implemented (port mask 0x3f)
Jul 23 15:26:22 nixos kernel: ahci 0000:00:1f.2: flags: 64bit ncq only 
Jul 23 15:26:22 nixos kernel: scsi host0: ahci
Jul 23 15:26:22 nixos kernel: scsi host1: ahci
Jul 23 15:26:22 nixos kernel: scsi host2: ahci
Jul 23 15:26:22 nixos kernel: scsi host3: ahci
Jul 23 15:26:22 nixos kernel: scsi host4: ahci
Jul 23 15:26:22 nixos kernel: scsi host5: ahci
Jul 23 15:26:22 nixos kernel: ata1: SATA max UDMA/133 abar m4096@0x89c46000 port 0x89c46100 irq 63 lpm-pol 0
Jul 23 15:26:22 nixos kernel: ata2: SATA max UDMA/133 abar m4096@0x89c46000 port 0x89c46180 irq 63 lpm-pol 0
Jul 23 15:26:22 nixos kernel: ata3: SATA max UDMA/133 abar m4096@0x89c46000 port 0x89c46200 irq 63 lpm-pol 0
Jul 23 15:26:22 nixos kernel: ata4: SATA max UDMA/133 abar m4096@0x89c46000 port 0x89c46280 irq 63 lpm-pol 0
Jul 23 15:26:22 nixos kernel: ata5: SATA max UDMA/133 abar m4096@0x89c46000 port 0x89c46300 irq 63 lpm-pol 0
Jul 23 15:26:22 nixos kernel: ata6: SATA max UDMA/133 abar m4096@0x89c46000 port 0x89c46380 irq 63 lpm-pol 0
Jul 23 15:26:22 nixos kernel: usb 1-1: new high-speed USB device number 2 using xhci_hcd
Jul 23 15:26:22 nixos kernel: ata5: SATA link down (SStatus 0 SControl 300)
Jul 23 15:26:22 nixos kernel: ata3: SATA link down (SStatus 0 SControl 300)
Jul 23 15:26:22 nixos kernel: ata4: SATA link down (SStatus 0 SControl 300)
Jul 23 15:26:22 nixos kernel: ata6: SATA link down (SStatus 0 SControl 300)
Jul 23 15:26:22 nixos kernel: ata2: SATA link down (SStatus 0 SControl 300)
Jul 23 15:26:22 nixos kernel: ata1: SATA link up 1.5 Gbps (SStatus 113 SControl 300)
Jul 23 15:26:22 nixos kernel: ata1.00: ATAPI: QEMU DVD-ROM, 2.5+, max UDMA/100
Jul 23 15:26:22 nixos kernel: ata1.00: applying bridge limits
Jul 23 15:26:22 nixos kernel: ata1.00: configured for UDMA/100
Jul 23 15:26:22 nixos kernel: scsi 0:0:0:0: CD-ROM            QEMU     QEMU DVD-ROM     2.5+ PQ: 0 ANSI: 5
Jul 23 15:26:22 nixos kernel: usb 1-1: New USB device found, idVendor=0627, idProduct=0001, bcdDevice= 0.00
Jul 23 15:26:22 nixos kernel: usb 1-1: New USB device strings: Mfr=1, Product=3, SerialNumber=10
Jul 23 15:26:22 nixos kernel: usb 1-1: Product: QEMU USB Tablet
Jul 23 15:26:22 nixos kernel: usb 1-1: Manufacturer: QEMU
Jul 23 15:26:22 nixos kernel: usb 1-1: SerialNumber: 28754-0000:00:02.1:00.0-1
Jul 23 15:26:22 nixos kernel: hid: raw HID events driver (C) Jiri Kosina
Jul 23 15:26:22 nixos kernel: usbcore: registered new interface driver usbhid
Jul 23 15:26:22 nixos kernel: usbhid: USB HID core driver
Jul 23 15:26:22 nixos kernel: input: QEMU QEMU USB Tablet as /devices/pci0000:00/0000:00:02.1/0000:02:00.0/usb1/1-1/1-1:1.0/0003:0627:0001.0001/input/input2
Jul 23 15:26:22 nixos kernel: hid-generic 0003:0627:0001.0001: input,hidraw0: USB HID v0.01 Mouse [QEMU QEMU USB Tablet] on usb-0000:02:00.0-1/input0
Jul 23 15:26:22 nixos kernel: sr 0:0:0:0: [sr0] scsi3-mmc drive: 4x/4x cd/rw xa/form2 tray
Jul 23 15:26:22 nixos kernel: cdrom: Uniform CD-ROM driver Revision: 3.20
Jul 23 15:26:22 nixos kernel: sr 0:0:0:0: Attached scsi CD-ROM sr0
Jul 23 15:26:22 nixos stage-1-init: [Wed Jul 23 22:26:21 UTC 2025] starting device mapper and LVM...
Jul 23 15:26:22 nixos stage-1-init: [Wed Jul 23 22:26:21 UTC 2025] checking /dev/disk/by-uuid/5f791414-02d8-44a9-b040-db218f5f84a7...
Jul 23 15:26:22 nixos stage-1-init: [Wed Jul 23 22:26:21 UTC 2025] fsck (busybox 1.36.1)
Jul 23 15:26:22 nixos stage-1-init: [Wed Jul 23 22:26:21 UTC 2025] [fsck.ext4 (1) -- /mnt-root/] fsck.ext4 -a /dev/disk/by-uuid/5f791414-02d8-44a9-b040-db218f5f84a7
Jul 23 15:26:22 nixos stage-1-init: [Wed Jul 23 22:26:21 UTC 2025] /dev/disk/by-uuid/5f791414-02d8-44a9-b040-db218f5f84a7: clean, 449115/4128768 files, 3536723/16513212 blocks
Jul 23 15:26:22 nixos stage-1-init: [Wed Jul 23 22:26:21 UTC 2025] mounting /dev/disk/by-uuid/5f791414-02d8-44a9-b040-db218f5f84a7 on /...
Jul 23 15:26:22 nixos kernel: EXT4-fs (vda2): mounted filesystem 5f791414-02d8-44a9-b040-db218f5f84a7 r/w with ordered data mode. Quota mode: none.
Jul 23 15:26:22 nixos kernel: EXT4-fs (vda2): re-mounted 5f791414-02d8-44a9-b040-db218f5f84a7.
Jul 23 15:26:22 nixos kernel: EXT4-fs (vda2): re-mounted 5f791414-02d8-44a9-b040-db218f5f84a7.
Jul 23 15:26:22 nixos unknown: booting system configuration /nix/store/49apskm5301dsvvanry66v68zqihqkq6-nixos-system-nixos-25.05.802746.7282cb574e06
Jul 23 15:26:22 nixos stage-2-init: running activation script...
Jul 23 15:26:22 nixos stage-2-init: setting up /etc...
Jul 23 15:26:22 nixos systemd[1]: Inserted module 'autofs4'
Jul 23 15:26:22 nixos systemd[1]: systemd 257.5 running in system mode (+PAM +AUDIT -SELINUX +APPARMOR +IMA +IPE +SMACK +SECCOMP +GCRYPT -GNUTLS +OPENSSL +ACL +BLKID +CURL +ELFUTILS +FIDO2 +IDN2 -IDN +IPTC +KMOD +LIBCRYPTSETUP +LIBCRYPTSETUP_PLUGINS +LIBFDISK +PCRE2 +PWQUALITY +P11KIT +QRENCODE +TPM2 +BZIP2 +LZ4 +XZ +ZLIB +ZSTD +BPF_FRAMEWORK -BTF -XKBCOMMON +UTMP -SYSVINIT +LIBARCHIVE)
Jul 23 15:26:22 nixos systemd[1]: Detected virtualization kvm.
Jul 23 15:26:22 nixos systemd[1]: Detected architecture x86-64.
Jul 23 15:26:22 nixos systemd[1]: Hostname set to <nixos>.
Jul 23 15:26:22 nixos systemd[1]: bpf-restrict-fs: LSM BPF program attached
Jul 23 15:26:22 nixos systemd[1]: Queued start job for default target Multi-User System.
Jul 23 15:26:22 nixos systemd[1]: Created slice Slice /system/getty.
Jul 23 15:26:22 nixos systemd[1]: Created slice Slice /system/modprobe.
Jul 23 15:26:22 nixos systemd[1]: Created slice Slice /system/systemd-fsck.
Jul 23 15:26:22 nixos systemd[1]: Created slice User and Session Slice.
Jul 23 15:26:22 nixos systemd[1]: Started Dispatch Password Requests to Console Directory Watch.
Jul 23 15:26:22 nixos systemd[1]: Started Forward Password Requests to Wall Directory Watch.
Jul 23 15:26:22 nixos systemd[1]: Expecting device /dev/disk/by-uuid/CD3E-D2EA...
Jul 23 15:26:22 nixos systemd[1]: Reached target Local Encrypted Volumes.
Jul 23 15:26:22 nixos systemd[1]: Reached target Containers.
Jul 23 15:26:22 nixos systemd[1]: Reached target Path Units.
Jul 23 15:26:22 nixos systemd[1]: Reached target Remote File Systems.
Jul 23 15:26:22 nixos systemd[1]: Reached target Slice Units.
Jul 23 15:26:22 nixos systemd[1]: Reached target Swaps.
Jul 23 15:26:22 nixos systemd[1]: Listening on Process Core Dump Socket.
Jul 23 15:26:22 nixos systemd[1]: Listening on Credential Encryption/Decryption.
Jul 23 15:26:22 nixos systemd[1]: Listening on Journal Audit Socket.
Jul 23 15:26:22 nixos systemd[1]: Listening on Journal Socket (/dev/log).
Jul 23 15:26:22 nixos systemd[1]: Listening on Journal Sockets.
Jul 23 15:26:22 nixos systemd[1]: Listening on Userspace Out-Of-Memory (OOM) Killer Socket.
Jul 23 15:26:22 nixos systemd[1]: Make TPM PCR Policy was skipped because of an unmet condition check (ConditionSecurity=measured-uki).
Jul 23 15:26:22 nixos systemd[1]: Listening on udev Control Socket.
Jul 23 15:26:22 nixos systemd[1]: Listening on udev Kernel Socket.
Jul 23 15:26:22 nixos systemd[1]: Mounting Huge Pages File System...
Jul 23 15:26:22 nixos systemd[1]: Mounting POSIX Message Queue File System...
Jul 23 15:26:22 nixos systemd[1]: Mounting Kernel Debug File System...
Jul 23 15:26:22 nixos systemd[1]: Mounting Kernel Trace File System...
Jul 23 15:26:22 nixos systemd[1]: Starting Create List of Static Device Nodes...
Jul 23 15:26:22 nixos systemd[1]: Starting Load Kernel Module configfs...
Jul 23 15:26:22 nixos systemd[1]: Starting Load Kernel Module drm...
Jul 23 15:26:22 nixos systemd[1]: Starting Load Kernel Module efi_pstore...
Jul 23 15:26:22 nixos systemd[1]: Starting Load Kernel Module fuse...
Jul 23 15:26:22 nixos systemd[1]: Starting mount-pstore.service...
Jul 23 15:26:22 nixos systemd[1]: File System Check on Root Device was skipped because of an unmet condition check (ConditionPathIsReadWrite=!/).
Jul 23 15:26:22 nixos systemd[1]: Clear Stale Hibernate Storage Info was skipped because of an unmet condition check (ConditionPathExists=/sys/firmware/efi/efivars/HibernateLocation-8cf2644b-4b0b-428f-9387-6d876050dc67).
Jul 23 15:26:22 nixos systemd[1]: Starting Journal Service...
Jul 23 15:26:22 nixos systemd[1]: Starting Load Kernel Modules...
Jul 23 15:26:22 nixos kernel: pstore: Using crash dump compression: deflate
Jul 23 15:26:22 nixos kernel: pstore: Registered efi_pstore as persistent store backend
Jul 23 15:26:22 nixos systemd[1]: Starting Userspace Out-Of-Memory (OOM) Killer...
Jul 23 15:26:22 nixos systemd[1]: Starting Remount Root and Kernel File Systems...
Jul 23 15:26:22 nixos systemd[1]: Early TPM SRK Setup was skipped because of an unmet condition check (ConditionSecurity=measured-uki).
Jul 23 15:26:22 nixos kernel: fuse: init (API version 7.43)
Jul 23 15:26:22 nixos systemd[1]: Starting Coldplug All udev Devices...
Jul 23 15:26:22 nixos systemd[1]: Mounted Huge Pages File System.
Jul 23 15:26:22 nixos systemd[1]: Mounted POSIX Message Queue File System.
Jul 23 15:26:22 nixos systemd[1]: Mounted Kernel Debug File System.
Jul 23 15:26:22 nixos systemd[1]: Mounted Kernel Trace File System.
Jul 23 15:26:22 nixos systemd[1]: Finished Create List of Static Device Nodes.
Jul 23 15:26:22 nixos systemd[1]: modprobe@configfs.service: Deactivated successfully.
Jul 23 15:26:22 nixos systemd[1]: Finished Load Kernel Module configfs.
Jul 23 15:26:22 nixos systemd[1]: modprobe@drm.service: Deactivated successfully.
Jul 23 15:26:22 nixos systemd[1]: Finished Load Kernel Module drm.
Jul 23 15:26:22 nixos systemd[1]: modprobe@efi_pstore.service: Deactivated successfully.
Jul 23 15:26:22 nixos systemd[1]: Finished Load Kernel Module efi_pstore.
Jul 23 15:26:22 nixos systemd[1]: modprobe@fuse.service: Deactivated successfully.
Jul 23 15:26:22 nixos systemd[1]: Finished Load Kernel Module fuse.
Jul 23 15:26:22 nixos systemd[1]: Mounting FUSE Control File System...
Jul 23 15:26:22 nixos systemd[1]: Mounting Kernel Configuration File System...
Jul 23 15:26:22 nixos systemd-journald[528]: Collecting audit messages is enabled.
Jul 23 15:26:22 nixos systemd[1]: Starting Create Static Device Nodes in /dev gracefully...
Jul 23 15:26:22 nixos systemd[1]: Mounted FUSE Control File System.
Jul 23 15:26:22 nixos kernel: EXT4-fs (vda2): re-mounted 5f791414-02d8-44a9-b040-db218f5f84a7.
Jul 23 15:26:22 nixos systemd[1]: Finished Remount Root and Kernel File Systems.
Jul 23 15:26:22 nixos systemd[1]: Mounted Kernel Configuration File System.
Jul 23 15:26:22 nixos systemd[1]: Starting Load/Save OS Random Seed...
Jul 23 15:26:22 nixos systemd[1]: Starting Network Time Synchronization...
Jul 23 15:26:22 nixos systemd[1]: TPM SRK Setup was skipped because of an unmet condition check (ConditionSecurity=measured-uki).
Jul 23 15:26:22 nixos systemd[1]: Finished mount-pstore.service.
Jul 23 15:26:22 nixos systemd[1]: Finished Create Static Device Nodes in /dev gracefully.
Jul 23 15:26:22 nixos systemd[1]: Platform Persistent Storage Archival was skipped because of an unmet condition check (ConditionDirectoryNotEmpty=/sys/fs/pstore).
Jul 23 15:26:22 nixos systemd[1]: Starting Create Static Device Nodes in /dev...
Jul 23 15:26:22 nixos systemd[1]: Started Userspace Out-Of-Memory (OOM) Killer.
Jul 23 15:26:22 nixos systemd[1]: Finished Create Static Device Nodes in /dev.
Jul 23 15:26:22 nixos systemd[1]: Reached target Preparation for Local File Systems.
Jul 23 15:26:22 nixos systemd[1]: Starting Rule-based Manager for Device Events and Files...
Jul 23 15:26:22 nixos systemd-journald[528]: Journal started
 Subject: The journal has been started
 Defined-By: systemd
 Support: https://lists.freedesktop.org/mailman/listinfo/systemd-devel
 
 The system journal process has started up, opened the journal
 files for writing and is now ready to process requests.
Jul 23 15:26:22 nixos systemd-journald[528]: Runtime Journal (/run/log/journal/4a8f63008483490f87cd044edd729819) is 8M, max 487.7M, 479.7M free.
 Subject: Disk space used by the journal
 Defined-By: systemd
 Support: https://lists.freedesktop.org/mailman/listinfo/systemd-devel
 
 Runtime Journal (/run/log/journal/4a8f63008483490f87cd044edd729819) is currently using 8M.
 Maximum allowed usage is set to 487.7M.
 Leaving at least 243.8M free (of currently available 4.7G of disk space).
 Enforced usage limit is thus 487.7M, of which 479.7M are still available.
 
 The limits controlling how much disk space is used by the journal may
 be configured with SystemMaxUse=, SystemKeepFree=, SystemMaxFileSize=,
 RuntimeMaxUse=, RuntimeKeepFree=, RuntimeMaxFileSize= settings in
 /etc/systemd/journald.conf. See journald.conf(5) for details.
Jul 23 15:26:22 nixos systemd-oomd[530]: No swap; memory pressure usage will be degraded
Jul 23 15:26:22 nixos systemd[1]: Started Journal Service.
Jul 23 15:26:22 nixos systemd-udevd[550]: Using default interface naming scheme 'v257'.
Jul 23 15:26:22 nixos systemd[1]: Starting Flush Journal to Persistent Storage...
 Subject: A start job for unit systemd-journal-flush.service has begun execution
 Defined-By: systemd
 Support: https://lists.freedesktop.org/mailman/listinfo/systemd-devel
 
 A start job for unit systemd-journal-flush.service has begun execution.
 
 The job identifier is 27.
Jul 23 15:26:22 nixos systemd[1]: Finished Load/Save OS Random Seed.
 Subject: A start job for unit systemd-random-seed.service has finished successfully
 Defined-By: systemd
 Support: https://lists.freedesktop.org/mailman/listinfo/systemd-devel
 
 A start job for unit systemd-random-seed.service has finished successfully.
 
 The job identifier is 36.
Jul 23 15:26:22 nixos systemd[1]: First Boot Complete was skipped because of an unmet condition check (ConditionFirstBoot=yes).
 Subject: A start job for unit first-boot-complete.target has finished successfully
 Defined-By: systemd
 Support: https://lists.freedesktop.org/mailman/listinfo/systemd-devel
 
 A start job for unit first-boot-complete.target has finished successfully.
 
 The job identifier is 37.
Jul 23 15:26:22 nixos systemd-modules-load[529]: Inserted module 'kvm_intel'
Jul 23 15:26:22 nixos systemd[1]: Finished Coldplug All udev Devices.
 Subject: A start job for unit systemd-udev-trigger.service has finished successfully
 Defined-By: systemd
 Support: https://lists.freedesktop.org/mailman/listinfo/systemd-devel
 
 A start job for unit systemd-udev-trigger.service has finished successfully.
 
 The job identifier is 48.
Jul 23 15:26:22 nixos systemd[1]: Started Rule-based Manager for Device Events and Files.
 Subject: A start job for unit systemd-udevd.service has finished successfully
 Defined-By: systemd
 Support: https://lists.freedesktop.org/mailman/listinfo/systemd-devel
 
 A start job for unit systemd-udevd.service has finished successfully.
 
 The job identifier is 18.
Jul 23 15:26:22 nixos systemd-journald[528]: Time spent on flushing to /var/log/journal/4a8f63008483490f87cd044edd729819 is 16.803ms for 842 entries.
Jul 23 15:26:22 nixos systemd-journald[528]: System Journal (/var/log/journal/4a8f63008483490f87cd044edd729819) is 20M, max 4G, 3.9G free.
 Subject: Disk space used by the journal
 Defined-By: systemd
 Support: https://lists.freedesktop.org/mailman/listinfo/systemd-devel
 
 System Journal (/var/log/journal/4a8f63008483490f87cd044edd729819) is currently using 20M.
 Maximum allowed usage is set to 4G.
 Leaving at least 3G free (of currently available 46.3G of disk space).
 Enforced usage limit is thus 4G, of which 3.9G are still available.
 
 The limits controlling how much disk space is used by the journal may
 be configured with SystemMaxUse=, SystemKeepFree=, SystemMaxFileSize=,
 RuntimeMaxUse=, RuntimeKeepFree=, RuntimeMaxFileSize= settings in
 /etc/systemd/journald.conf. See journald.conf(5) for details.
Jul 23 15:26:22 nixos systemd-journald[528]: Received client request to flush runtime journal.
Jul 23 15:26:22 nixos kernel: bridge: filtering via arp/ip/ip6tables is no longer available by default. Update your scripts to load br_netfilter if you need this.
Jul 23 15:26:22 nixos systemd-modules-load[529]: Inserted module 'bridge'
Jul 23 15:26:22 nixos systemd-timesyncd[552]: Disabling NSCD because DNSSEC validation is turned off
Jul 23 15:26:22 nixos systemd[1]: Started Network Time Synchronization.
 Subject: A start job for unit systemd-timesyncd.service has finished successfully
 Defined-By: systemd
 Support: https://lists.freedesktop.org/mailman/listinfo/systemd-devel
 
 A start job for unit systemd-timesyncd.service has finished successfully.
 
 The job identifier is 53.
Jul 23 15:26:22 nixos systemd-modules-load[529]: Inserted module 'macvlan'
Jul 23 15:26:22 nixos systemd[1]: Finished Flush Journal to Persistent Storage.
 Subject: A start job for unit systemd-journal-flush.service has finished successfully
 Defined-By: systemd
 Support: https://lists.freedesktop.org/mailman/listinfo/systemd-devel
 
 A start job for unit systemd-journal-flush.service has finished successfully.
 
 The job identifier is 27.
Jul 23 15:26:22 nixos kernel: input: Power Button as /devices/LNXSYSTM:00/LNXPWRBN:00/input/input3
Jul 23 15:26:22 nixos kernel: ACPI: button: Power Button [PWRF]
Jul 23 15:26:22 nixos systemd-modules-load[529]: Inserted module 'tap'
Jul 23 15:26:22 nixos kernel: rtc_cmos 00:03: RTC can wake from S4
Jul 23 15:26:22 nixos kernel: ACPI: \_SB_.GSIF: Enabled at IRQ 21
Jul 23 15:26:22 nixos kernel: tun: Universal TUN/TAP device driver, 1.6
Jul 23 15:26:22 nixos systemd-modules-load[529]: Inserted module 'tun'
Jul 23 15:26:22 nixos kernel: lpc_ich 0000:00:1f.0: I/O space for GPIO uninitialized
Jul 23 15:26:22 nixos kernel: rtc_cmos 00:03: registered as rtc0
Jul 23 15:26:22 nixos kernel: rtc_cmos 00:03: setting system clock to 2025-07-23T22:26:22 UTC (1753309582)
Jul 23 15:26:22 nixos kernel: rtc_cmos 00:03: alarms up to one day, y3k, 242 bytes nvram
Jul 23 15:26:22 nixos kernel: Console: switching to colour dummy device 80x25
Jul 23 15:26:22 nixos systemd-modules-load[529]: Inserted module 'loop'
Jul 23 15:26:22 nixos kernel: loop: module loaded
Jul 23 15:26:22 nixos systemd-modules-load[529]: Module 'ctr' is built in
Jul 23 15:26:22 nixos systemd[1]: Finished Load Kernel Modules.
 Subject: A start job for unit systemd-modules-load.service has finished successfully
 Defined-By: systemd
 Support: https://lists.freedesktop.org/mailman/listinfo/systemd-devel
 
 A start job for unit systemd-modules-load.service has finished successfully.
 
 The job identifier is 64.
Jul 23 15:26:22 nixos kernel: qxl 0000:00:01.0: vgaarb: deactivate vga console
Jul 23 15:26:22 nixos kernel: [drm] Device Version 0.0
Jul 23 15:26:22 nixos kernel: [drm] Compression level 0 log level 0
Jul 23 15:26:22 nixos kernel: [drm] 12286 io pages at offset 0x1000000
Jul 23 15:26:22 nixos kernel: [drm] 16777216 byte draw area at offset 0x0
Jul 23 15:26:22 nixos kernel: [drm] RAM header offset: 0x3ffe000
Jul 23 15:26:22 nixos kernel: [drm] qxl: 16M of VRAM memory size
Jul 23 15:26:22 nixos kernel: [drm] qxl: 63M of IO pages memory ready (VRAM domain)
Jul 23 15:26:22 nixos kernel: [drm] qxl: 64M of Surface memory size
Jul 23 15:26:22 nixos kernel: [drm] slot 0 (main): base 0x84000000, size 0x03ffe000
Jul 23 15:26:22 nixos kernel: [drm] slot 1 (surfaces): base 0x80000000, size 0x04000000
Jul 23 15:26:22 nixos kernel: i801_smbus 0000:00:1f.3: Enabling SMBus device
Jul 23 15:26:22 nixos kernel: i801_smbus 0000:00:1f.3: SMBus using PCI interrupt
Jul 23 15:26:22 nixos kernel: i2c i2c-0: Memory type 0x07 not supported yet, not instantiating SPD
Jul 23 15:26:22 nixos kernel: [drm] Initialized qxl 0.1.0 for 0000:00:01.0 on minor 1
Jul 23 15:26:22 nixos systemd[1]: Starting Firewall...
 Subject: A start job for unit firewall.service has begun execution
 Defined-By: systemd
 Support: https://lists.freedesktop.org/mailman/listinfo/systemd-devel
 
 A start job for unit firewall.service has begun execution.
 
 The job identifier is 33.
Jul 23 15:26:22 nixos kernel: fbcon: qxldrmfb (fb0) is primary device
Jul 23 15:26:22 nixos kernel: Console: switching to colour frame buffer device 128x48
Jul 23 15:26:22 nixos systemd[1]: Starting Apply Kernel Variables...
 Subject: A start job for unit systemd-sysctl.service has begun execution
 Defined-By: systemd
 Support: https://lists.freedesktop.org/mailman/listinfo/systemd-devel
 
 A start job for unit systemd-sysctl.service has begun execution.
 
 The job identifier is 45.
Jul 23 15:26:22 nixos kernel: qxl 0000:00:01.0: [drm] fb0: qxldrmfb frame buffer device
Jul 23 15:26:22 nixos kernel: RAPL PMU: API unit is 2^-32 Joules, 0 fixed counters, 10737418240 ms ovfl timer
Jul 23 15:26:22 nixos kernel: cryptd: max_cpu_qlen set to 1000
Jul 23 15:26:22 nixos systemd[1]: Found device /dev/disk/by-uuid/CD3E-D2EA.
 Subject: A start job for unit dev-disk-by\x2duuid-CD3E\x2dD2EA.device has finished successfully
 Defined-By: systemd
 Support: https://lists.freedesktop.org/mailman/listinfo/systemd-devel
 
 A start job for unit dev-disk-by\x2duuid-CD3E\x2dD2EA.device has finished successfully.
 
 The job identifier is 69.
Jul 23 15:26:22 nixos kernel: mousedev: PS/2 mouse device common for all mice
Jul 23 15:26:22 nixos kernel: iTCO_wdt iTCO_wdt.0.auto: Found a ICH9 TCO device (Version=2, TCOBASE=0x0660)
Jul 23 15:26:22 nixos kernel: iTCO_wdt iTCO_wdt.0.auto: initialized. heartbeat=30 sec (nowayout=0)
Jul 23 15:26:22 nixos systemd[1]: Finished Apply Kernel Variables.
 Subject: A start job for unit systemd-sysctl.service has finished successfully
 Defined-By: systemd
 Support: https://lists.freedesktop.org/mailman/listinfo/systemd-devel
 
 A start job for unit systemd-sysctl.service has finished successfully.
 
 The job identifier is 45.
Jul 23 15:26:22 nixos systemd[1]: Starting File System Check on /dev/disk/by-uuid/CD3E-D2EA...
 Subject: A start job for unit systemd-fsck@dev-disk-by\x2duuid-CD3E\x2dD2EA.service has begun execution
 Defined-By: systemd
 Support: https://lists.freedesktop.org/mailman/listinfo/systemd-devel
 
 A start job for unit systemd-fsck@dev-disk-by\x2duuid-CD3E\x2dD2EA.service has begun execution.
 
 The job identifier is 70.
Jul 23 15:26:22 nixos systemd[1]: Starting Virtual Console Setup...
 Subject: A start job for unit systemd-vconsole-setup.service has begun execution
 Defined-By: systemd
 Support: https://lists.freedesktop.org/mailman/listinfo/systemd-devel
 
 A start job for unit systemd-vconsole-setup.service has begun execution.
 
 The job identifier is 114.
Jul 23 15:26:22 nixos kernel: intel_rapl_msr: PL4 support detected.
Jul 23 15:26:22 nixos kernel: snd_hda_codec_generic hdaudioC0D0: autoconfig for Generic: line_outs=1 (0x3/0x0/0x0/0x0/0x0) type:line
Jul 23 15:26:22 nixos kernel: snd_hda_codec_generic hdaudioC0D0:    speaker_outs=0 (0x0/0x0/0x0/0x0/0x0)
Jul 23 15:26:22 nixos kernel: snd_hda_codec_generic hdaudioC0D0:    hp_outs=0 (0x0/0x0/0x0/0x0/0x0)
Jul 23 15:26:22 nixos kernel: snd_hda_codec_generic hdaudioC0D0:    mono: mono_out=0x0
Jul 23 15:26:22 nixos kernel: snd_hda_codec_generic hdaudioC0D0:    inputs:
Jul 23 15:26:22 nixos kernel: snd_hda_codec_generic hdaudioC0D0:      Line=0x5
Jul 23 15:26:22 nixos systemd-fsck[663]: fsck.fat 4.2 (2021-01-31)
Jul 23 15:26:22 nixos systemd-fsck[663]: /dev/vda1: 17 files, 6367/261627 clusters
Jul 23 15:26:22 nixos systemd[1]: Finished File System Check on /dev/disk/by-uuid/CD3E-D2EA.
 Subject: A start job for unit systemd-fsck@dev-disk-by\x2duuid-CD3E\x2dD2EA.service has finished successfully
 Defined-By: systemd
 Support: https://lists.freedesktop.org/mailman/listinfo/systemd-devel
 
 A start job for unit systemd-fsck@dev-disk-by\x2duuid-CD3E\x2dD2EA.service has finished successfully.
 
 The job identifier is 70.
Jul 23 15:26:22 nixos systemd[1]: Reached target Sound Card.
 Subject: A start job for unit sound.target has finished successfully
 Defined-By: systemd
 Support: https://lists.freedesktop.org/mailman/listinfo/systemd-devel
 
 A start job for unit sound.target has finished successfully.
 
 The job identifier is 120.
Jul 23 15:26:22 nixos systemd[1]: Finished Virtual Console Setup.
 Subject: A start job for unit systemd-vconsole-setup.service has finished successfully
 Defined-By: systemd
 Support: https://lists.freedesktop.org/mailman/listinfo/systemd-devel
 
 A start job for unit systemd-vconsole-setup.service has finished successfully.
 
 The job identifier is 114.
Jul 23 15:26:22 nixos systemd[1]: Finished Firewall.
 Subject: A start job for unit firewall.service has finished successfully
 Defined-By: systemd
 Support: https://lists.freedesktop.org/mailman/listinfo/systemd-devel
 
 A start job for unit firewall.service has finished successfully.
 
 The job identifier is 33.
Jul 23 15:26:22 nixos kernel: input: ImExPS/2 Generic Explorer Mouse as /devices/platform/i8042/serio1/input/input4
Jul 23 15:26:23 nixos systemd[1]: Mounting /boot...
 Subject: A start job for unit boot.mount has begun execution
 Defined-By: systemd
 Support: https://lists.freedesktop.org/mailman/listinfo/systemd-devel
 
 A start job for unit boot.mount has begun execution.
 
 The job identifier is 68.
Jul 23 15:26:23 nixos systemd[1]: Mounting /run/wrappers...
 Subject: A start job for unit run-wrappers.mount has begun execution
 Defined-By: systemd
 Support: https://lists.freedesktop.org/mailman/listinfo/systemd-devel
 
 A start job for unit run-wrappers.mount has begun execution.
 
 The job identifier is 25.
Jul 23 15:26:23 nixos systemd[1]: Mounted /run/wrappers.
 Subject: A start job for unit run-wrappers.mount has finished successfully
 Defined-By: systemd
 Support: https://lists.freedesktop.org/mailman/listinfo/systemd-devel
 
 A start job for unit run-wrappers.mount has finished successfully.
 
 The job identifier is 25.
Jul 23 15:26:23 nixos systemd[1]: Starting Create SUID/SGID Wrappers...
 Subject: A start job for unit suid-sgid-wrappers.service has begun execution
 Defined-By: systemd
 Support: https://lists.freedesktop.org/mailman/listinfo/systemd-devel
 
 A start job for unit suid-sgid-wrappers.service has begun execution.
 
 The job identifier is 24.
Jul 23 15:26:23 nixos systemd[1]: Mounted /boot.
 Subject: A start job for unit boot.mount has finished successfully
 Defined-By: systemd
 Support: https://lists.freedesktop.org/mailman/listinfo/systemd-devel
 
 A start job for unit boot.mount has finished successfully.
 
 The job identifier is 68.
Jul 23 15:26:23 nixos systemd[1]: Reached target Local File Systems.
 Subject: A start job for unit local-fs.target has finished successfully
 Defined-By: systemd
 Support: https://lists.freedesktop.org/mailman/listinfo/systemd-devel
 
 A start job for unit local-fs.target has finished successfully.
 
 The job identifier is 67.
Jul 23 15:26:23 nixos systemd[1]: Listening on Boot Entries Service Socket.
 Subject: A start job for unit systemd-bootctl.socket has finished successfully
 Defined-By: systemd
 Support: https://lists.freedesktop.org/mailman/listinfo/systemd-devel
 
 A start job for unit systemd-bootctl.socket has finished successfully.
 
 The job identifier is 86.
Jul 23 15:26:23 nixos systemd-timesyncd[552]: Network configuration changed, trying to establish connection.
Jul 23 15:26:23 nixos systemd[1]: Starting Update Boot Loader Random Seed...
 Subject: A start job for unit systemd-boot-random-seed.service has begun execution
 Defined-By: systemd
 Support: https://lists.freedesktop.org/mailman/listinfo/systemd-devel
 
 A start job for unit systemd-boot-random-seed.service has begun execution.
 
 The job identifier is 66.
Jul 23 15:26:23 nixos systemd[1]: Save Transient machine-id to Disk was skipped because of an unmet condition check (ConditionPathIsMountPoint=/etc/machine-id).
 Subject: A start job for unit systemd-machine-id-commit.service has finished successfully
 Defined-By: systemd
 Support: https://lists.freedesktop.org/mailman/listinfo/systemd-devel
 
 A start job for unit systemd-machine-id-commit.service has finished successfully.
 
 The job identifier is 52.
Jul 23 15:26:23 nixos systemd[1]: Starting Create System Files and Directories...
 Subject: A start job for unit systemd-tmpfiles-setup.service has begun execution
 Defined-By: systemd
 Support: https://lists.freedesktop.org/mailman/listinfo/systemd-devel
 
 A start job for unit systemd-tmpfiles-setup.service has begun execution.
 
 The job identifier is 4.
Jul 23 15:26:23 nixos systemd-timesyncd[552]: Network configuration changed, trying to establish connection.
Jul 23 15:26:23 nixos systemd-timesyncd[552]: Network configuration changed, trying to establish connection.
Jul 23 15:26:23 nixos systemd-timesyncd[552]: Network configuration changed, trying to establish connection.
Jul 23 15:26:23 nixos systemd[1]: Finished Create System Files and Directories.
 Subject: A start job for unit systemd-tmpfiles-setup.service has finished successfully
 Defined-By: systemd
 Support: https://lists.freedesktop.org/mailman/listinfo/systemd-devel
 
 A start job for unit systemd-tmpfiles-setup.service has finished successfully.
 
 The job identifier is 4.
Jul 23 15:26:23 nixos systemd[1]: Rebuild Journal Catalog was skipped because of an unmet condition check (ConditionNeedsUpdate=/var).
 Subject: A start job for unit systemd-journal-catalog-update.service has finished successfully
 Defined-By: systemd
 Support: https://lists.freedesktop.org/mailman/listinfo/systemd-devel
 
 A start job for unit systemd-journal-catalog-update.service has finished successfully.
 
 The job identifier is 58.
Jul 23 15:26:23 nixos systemd[1]: Update is Completed was skipped because no trigger condition checks were met.
 Subject: A start job for unit systemd-update-done.service has finished successfully
 Defined-By: systemd
 Support: https://lists.freedesktop.org/mailman/listinfo/systemd-devel
 
 A start job for unit systemd-update-done.service has finished successfully.
 
 The job identifier is 57.
Jul 23 15:26:23 nixos systemd[1]: Starting Record System Boot/Shutdown in UTMP...
 Subject: A start job for unit systemd-update-utmp.service has begun execution
 Defined-By: systemd
 Support: https://lists.freedesktop.org/mailman/listinfo/systemd-devel
 
 A start job for unit systemd-update-utmp.service has begun execution.
 
 The job identifier is 63.
Jul 23 15:26:23 nixos bootctl[766]: Random seed file /boot/loader/random-seed successfully refreshed (32 bytes).
Jul 23 15:26:23 nixos systemd[1]: Finished Update Boot Loader Random Seed.
 Subject: A start job for unit systemd-boot-random-seed.service has finished successfully
 Defined-By: systemd
 Support: https://lists.freedesktop.org/mailman/listinfo/systemd-devel
 
 A start job for unit systemd-boot-random-seed.service has finished successfully.
 
 The job identifier is 66.
Jul 23 15:26:23 nixos systemd[1]: Finished Record System Boot/Shutdown in UTMP.
 Subject: A start job for unit systemd-update-utmp.service has finished successfully
 Defined-By: systemd
 Support: https://lists.freedesktop.org/mailman/listinfo/systemd-devel
 
 A start job for unit systemd-update-utmp.service has finished successfully.
 
 The job identifier is 63.
Jul 23 15:26:23 nixos systemd[1]: suid-sgid-wrappers.service: Deactivated successfully.
 Subject: Unit succeeded
 Defined-By: systemd
 Support: https://lists.freedesktop.org/mailman/listinfo/systemd-devel
 
 The unit suid-sgid-wrappers.service has successfully entered the 'dead' state.
Jul 23 15:26:23 nixos systemd[1]: Finished Create SUID/SGID Wrappers.
 Subject: A start job for unit suid-sgid-wrappers.service has finished successfully
 Defined-By: systemd
 Support: https://lists.freedesktop.org/mailman/listinfo/systemd-devel
 
 A start job for unit suid-sgid-wrappers.service has finished successfully.
 
 The job identifier is 24.
Jul 23 15:26:23 nixos systemd[1]: suid-sgid-wrappers.service: Consumed 90ms CPU time, 6M memory peak, 1.3M read from disk.
 Subject: Resources consumed by unit runtime
 Defined-By: systemd
 Support: https://lists.freedesktop.org/mailman/listinfo/systemd-devel
 
 The unit suid-sgid-wrappers.service completed and consumed the indicated resources.
Jul 23 15:26:23 nixos systemd[1]: Reached target System Initialization.
 Subject: A start job for unit sysinit.target has finished successfully
 Defined-By: systemd
 Support: https://lists.freedesktop.org/mailman/listinfo/systemd-devel
 
 A start job for unit sysinit.target has finished successfully.
 
 The job identifier is 3.
Jul 23 15:26:23 nixos systemd[1]: Started Discard unused filesystem blocks once a week.
 Subject: A start job for unit fstrim.timer has finished successfully
 Defined-By: systemd
 Support: https://lists.freedesktop.org/mailman/listinfo/systemd-devel
 
 A start job for unit fstrim.timer has finished successfully.
 
 The job identifier is 77.
Jul 23 15:26:23 nixos systemd[1]: Started logrotate.timer.
 Subject: A start job for unit logrotate.timer has finished successfully
 Defined-By: systemd
 Support: https://lists.freedesktop.org/mailman/listinfo/systemd-devel
 
 A start job for unit logrotate.timer has finished successfully.
 
 The job identifier is 76.
Jul 23 15:26:23 nixos systemd[1]: Started Daily Cleanup of Temporary Directories.
 Subject: A start job for unit systemd-tmpfiles-clean.timer has finished successfully
 Defined-By: systemd
 Support: https://lists.freedesktop.org/mailman/listinfo/systemd-devel
 
 A start job for unit systemd-tmpfiles-clean.timer has finished successfully.
 
 The job identifier is 75.
Jul 23 15:26:23 nixos systemd[1]: Reached target Timer Units.
 Subject: A start job for unit timers.target has finished successfully
 Defined-By: systemd
 Support: https://lists.freedesktop.org/mailman/listinfo/systemd-devel
 
 A start job for unit timers.target has finished successfully.
 
 The job identifier is 74.
Jul 23 15:26:23 nixos systemd[1]: Listening on D-Bus System Message Bus Socket.
 Subject: A start job for unit dbus.socket has finished successfully
 Defined-By: systemd
 Support: https://lists.freedesktop.org/mailman/listinfo/systemd-devel
 
 A start job for unit dbus.socket has finished successfully.
 
 The job identifier is 90.
Jul 23 15:26:23 nixos systemd[1]: Listening on Nix Daemon Socket.
 Subject: A start job for unit nix-daemon.socket has finished successfully
 Defined-By: systemd
 Support: https://lists.freedesktop.org/mailman/listinfo/systemd-devel
 
 A start job for unit nix-daemon.socket has finished successfully.
 
 The job identifier is 85.
Jul 23 15:26:23 nixos systemd[1]: Listening on Hostname Service Socket.
 Subject: A start job for unit systemd-hostnamed.socket has finished successfully
 Defined-By: systemd
 Support: https://lists.freedesktop.org/mailman/listinfo/systemd-devel
 
 A start job for unit systemd-hostnamed.socket has finished successfully.
 
 The job identifier is 83.
Jul 23 15:26:23 nixos systemd-timesyncd[552]: Network configuration changed, trying to establish connection.
Jul 23 15:26:23 nixos systemd[1]: Reached target Socket Units.
 Subject: A start job for unit sockets.target has finished successfully
 Defined-By: systemd
 Support: https://lists.freedesktop.org/mailman/listinfo/systemd-devel
 
 A start job for unit sockets.target has finished successfully.
 
 The job identifier is 81.
Jul 23 15:26:23 nixos systemd[1]: Reached target Basic System.
 Subject: A start job for unit basic.target has finished successfully
 Defined-By: systemd
 Support: https://lists.freedesktop.org/mailman/listinfo/systemd-devel
 
 A start job for unit basic.target has finished successfully.
 
 The job identifier is 2.
Jul 23 15:26:23 nixos systemd[1]: Starting Network Manager Script Dispatcher Service...
 Subject: A start job for unit NetworkManager-dispatcher.service has begun execution
 Defined-By: systemd
 Support: https://lists.freedesktop.org/mailman/listinfo/systemd-devel
 
 A start job for unit NetworkManager-dispatcher.service has begun execution.
 
 The job identifier is 111.
Jul 23 15:26:23 nixos systemd[1]: Starting Kernel Auditing...
 Subject: A start job for unit audit.service has begun execution
 Defined-By: systemd
 Support: https://lists.freedesktop.org/mailman/listinfo/systemd-devel
 
 A start job for unit audit.service has begun execution.
 
 The job identifier is 80.
Jul 23 15:26:23 nixos systemd[1]: Starting D-Bus System Message Bus...
 Subject: A start job for unit dbus.service has begun execution
 Defined-By: systemd
 Support: https://lists.freedesktop.org/mailman/listinfo/systemd-devel
 
 A start job for unit dbus.service has begun execution.
 
 The job identifier is 106.
Jul 23 15:26:23 nixos systemd[1]: Starting Logrotate configuration check...
 Subject: A start job for unit logrotate-checkconf.service has begun execution
 Defined-By: systemd
 Support: https://lists.freedesktop.org/mailman/listinfo/systemd-devel
 
 A start job for unit logrotate-checkconf.service has begun execution.
 
 The job identifier is 102.
Jul 23 15:26:23 nixos systemd[1]: Starting Name Service Cache Daemon (nsncd)...
 Subject: A start job for unit nscd.service has begun execution
 Defined-By: systemd
 Support: https://lists.freedesktop.org/mailman/listinfo/systemd-devel
 
 A start job for unit nscd.service has begun execution.
 
 The job identifier is 108.
Jul 23 15:26:23 nixos systemd[1]: Started Reset console on configuration changes.
 Subject: A start job for unit reload-systemd-vconsole-setup.service has finished successfully
 Defined-By: systemd
 Support: https://lists.freedesktop.org/mailman/listinfo/systemd-devel
 
 A start job for unit reload-systemd-vconsole-setup.service has finished successfully.
 
 The job identifier is 100.
Jul 23 15:26:23 nixos systemd[1]: Starting resolvconf update...
 Subject: A start job for unit resolvconf.service has begun execution
 Defined-By: systemd
 Support: https://lists.freedesktop.org/mailman/listinfo/systemd-devel
 
 A start job for unit resolvconf.service has begun execution.
 
 The job identifier is 103.
Jul 23 15:26:23 nixos c341wfmk7r827k691yp5ynjnv5014xqf-audit-disable[845]: No rules
Jul 23 15:26:23 nixos logrotate[842]: warning: logrotate in debug mode does nothing except printing debug messages!  Consider using verbose mode (-v) instead if this is not what you want.
Jul 23 15:26:23 nixos logrotate[842]: reading config file /nix/store/l0lr4ndm17v9p5aq0w23a36xpm049zwr-logrotate.conf
Jul 23 15:26:23 nixos logrotate[842]: note: 'monthly' overrides previously specified 'weekly'
Jul 23 15:26:23 nixos logrotate[842]: Reading state from file: /var/lib/logrotate.status
Jul 23 15:26:23 nixos systemd[1]: Finished Kernel Auditing.
 Subject: A start job for unit audit.service has finished successfully
 Defined-By: systemd
 Support: https://lists.freedesktop.org/mailman/listinfo/systemd-devel
 
 A start job for unit audit.service has finished successfully.
 
 The job identifier is 80.
Jul 23 15:26:23 nixos logrotate[842]: Allocating hash table for state file, size 64 entries
Jul 23 15:26:23 nixos logrotate[842]: Creating new state
Jul 23 15:26:23 nixos logrotate[842]: Creating new state
Jul 23 15:26:23 nixos logrotate[842]: Handling 2 logs
Jul 23 15:26:23 nixos logrotate[842]: rotating pattern: "/var/log/btmp" monthly empty log files are not rotated, only log files >= 1048576 bytes are rotated, (1 rotations), old logs are removed
Jul 23 15:26:23 nixos logrotate[842]: considering log /var/log/btmp
Jul 23 15:26:23 nixos logrotate[842]:   Now: 2025-07-23 18:26
Jul 23 15:26:23 nixos logrotate[842]:   Last rotated at 2025-07-23 17:00
Jul 23 15:26:23 nixos logrotate[842]:   log does not need rotating (log has been rotated at 2025-07-23 17:00, which is less than a month ago)
Jul 23 15:26:23 nixos logrotate[842]:   log does not need rotating ('minsize' directive is used and the log size is smaller than the minsize value)
